Component: ARM Compiler 5.06 update 7 (build 960) Tool: armlink [4d3601]

==============================================================================

Section Cross References

    startup_stm32f411xe.o(RESET) refers to startup_stm32f411xe.o(STACK) for __initial_sp
    startup_stm32f411xe.o(RESET) refers to startup_stm32f411xe.o(.text) for Reset_Handler
    startup_stm32f411xe.o(RESET) refers to stm32f4xx_it.o(i.NMI_Handler) for NMI_Handler
    startup_stm32f411xe.o(RESET) refers to stm32f4xx_it.o(i.HardFault_Handler) for HardFault_Handler
    startup_stm32f411xe.o(RESET) refers to stm32f4xx_it.o(i.MemManage_Handler) for MemManage_Handler
    startup_stm32f411xe.o(RESET) refers to stm32f4xx_it.o(i.BusFault_Handler) for BusFault_Handler
    startup_stm32f411xe.o(RESET) refers to stm32f4xx_it.o(i.UsageFault_Handler) for UsageFault_Handler
    startup_stm32f411xe.o(RESET) refers to port.o(.emb_text) for SVC_Handler
    startup_stm32f411xe.o(RESET) refers to stm32f4xx_it.o(i.DebugMon_Handler) for DebugMon_Handler
    startup_stm32f411xe.o(RESET) refers to cmsis_os2.o(i.SysTick_Handler) for SysTick_Handler
    startup_stm32f411xe.o(RESET) refers to stm32f4xx_it.o(i.RTC_WKUP_IRQHandler) for RTC_WKUP_IRQHandler
    startup_stm32f411xe.o(RESET) refers to stm32f4xx_it.o(i.EXTI2_IRQHandler) for EXTI2_IRQHandler
    startup_stm32f411xe.o(RESET) refers to stm32f4xx_it.o(i.EXTI4_IRQHandler) for EXTI4_IRQHandler
    startup_stm32f411xe.o(RESET) refers to stm32f4xx_it.o(i.EXTI9_5_IRQHandler) for EXTI9_5_IRQHandler
    startup_stm32f411xe.o(RESET) refers to stm32f4xx_it.o(i.TIM1_UP_TIM10_IRQHandler) for TIM1_UP_TIM10_IRQHandler
    startup_stm32f411xe.o(RESET) refers to stm32f4xx_it.o(i.USART1_IRQHandler) for USART1_IRQHandler
    startup_stm32f411xe.o(RESET) refers to stm32f4xx_it.o(i.EXTI15_10_IRQHandler) for EXTI15_10_IRQHandler
    startup_stm32f411xe.o(RESET) refers to stm32f4xx_it.o(i.DMA2_Stream2_IRQHandler) for DMA2_Stream2_IRQHandler
    startup_stm32f411xe.o(RESET) refers to stm32f4xx_it.o(i.DMA2_Stream5_IRQHandler) for DMA2_Stream5_IRQHandler
    startup_stm32f411xe.o(RESET) refers to stm32f4xx_it.o(i.DMA2_Stream7_IRQHandler) for DMA2_Stream7_IRQHandler
    startup_stm32f411xe.o(.text) refers to system_stm32f4xx.o(i.SystemInit) for SystemInit
    startup_stm32f411xe.o(.text) refers to entry.o(.ARM.Collect$$$$00000000) for __main
    delay.o(i.delay_init) refers to stm32f4xx_hal_cortex.o(i.HAL_SYSTICK_CLKSourceConfig) for HAL_SYSTICK_CLKSourceConfig
    delay.o(i.delay_init) refers to stm32f4xx_hal_cortex.o(i.HAL_SYSTICK_Config) for HAL_SYSTICK_Config
    delay.o(i.delay_init) refers to stm32f4xx_hal.o(.data) for uwTickFreq
    delay.o(i.delay_init) refers to system_stm32f4xx.o(.data) for SystemCoreClock
    delay.o(i.delay_ms) refers to delay.o(i.delay_us) for delay_us
    stm32f4xx_hal_adc.o(i.ADC_DMAConvCplt) refers to stm32f4xx_hal_adc.o(i.HAL_ADC_ErrorCallback) for HAL_ADC_ErrorCallback
    stm32f4xx_hal_adc.o(i.ADC_DMAConvCplt) refers to stm32f4xx_hal_adc.o(i.HAL_ADC_ConvCpltCallback) for HAL_ADC_ConvCpltCallback
    stm32f4xx_hal_adc.o(i.ADC_DMAError) refers to stm32f4xx_hal_adc.o(i.HAL_ADC_ErrorCallback) for HAL_ADC_ErrorCallback
    stm32f4xx_hal_adc.o(i.ADC_DMAHalfConvCplt) refers to stm32f4xx_hal_adc.o(i.HAL_ADC_ConvHalfCpltCallback) for HAL_ADC_ConvHalfCpltCallback
    stm32f4xx_hal_adc.o(i.HAL_ADC_ConfigChannel) refers to system_stm32f4xx.o(.data) for SystemCoreClock
    stm32f4xx_hal_adc.o(i.HAL_ADC_DeInit) refers to adc.o(i.HAL_ADC_MspDeInit) for HAL_ADC_MspDeInit
    stm32f4xx_hal_adc.o(i.HAL_ADC_IRQHandler) refers to stm32f4xx_hal_adc.o(i.HAL_ADC_ConvCpltCallback) for HAL_ADC_ConvCpltCallback
    stm32f4xx_hal_adc.o(i.HAL_ADC_IRQHandler) refers to stm32f4xx_hal_adc_ex.o(i.HAL_ADCEx_InjectedConvCpltCallback) for HAL_ADCEx_InjectedConvCpltCallback
    stm32f4xx_hal_adc.o(i.HAL_ADC_IRQHandler) refers to stm32f4xx_hal_adc.o(i.HAL_ADC_LevelOutOfWindowCallback) for HAL_ADC_LevelOutOfWindowCallback
    stm32f4xx_hal_adc.o(i.HAL_ADC_IRQHandler) refers to stm32f4xx_hal_adc.o(i.HAL_ADC_ErrorCallback) for HAL_ADC_ErrorCallback
    stm32f4xx_hal_adc.o(i.HAL_ADC_Init) refers to adc.o(i.HAL_ADC_MspInit) for HAL_ADC_MspInit
    stm32f4xx_hal_adc.o(i.HAL_ADC_Init) refers to stm32f4xx_hal_adc.o(i.ADC_Init) for ADC_Init
    stm32f4xx_hal_adc.o(i.HAL_ADC_PollForConversion) refers to stm32f4xx_hal.o(i.HAL_GetTick) for HAL_GetTick
    stm32f4xx_hal_adc.o(i.HAL_ADC_PollForEvent) refers to stm32f4xx_hal.o(i.HAL_GetTick) for HAL_GetTick
    stm32f4xx_hal_adc.o(i.HAL_ADC_Start) refers to system_stm32f4xx.o(.data) for SystemCoreClock
    stm32f4xx_hal_adc.o(i.HAL_ADC_Start_DMA) refers to stm32f4xx_hal_dma.o(i.HAL_DMA_Start_IT) for HAL_DMA_Start_IT
    stm32f4xx_hal_adc.o(i.HAL_ADC_Start_DMA) refers to system_stm32f4xx.o(.data) for SystemCoreClock
    stm32f4xx_hal_adc.o(i.HAL_ADC_Start_DMA) refers to stm32f4xx_hal_adc.o(i.ADC_DMAConvCplt) for ADC_DMAConvCplt
[...]

Image Symbol Table

    Local Symbols

    Symbol Name                              Value     Ov Type        Size  Object(Section)

    ../Core/Src/system_stm32f4xx.c           0x00000000   Number         0  system_stm32f4xx.o ABSOLUTE
    ../Drivers/STM32F4xx_HAL_Driver/Src/stm32f4xx_hal.c 0x00000000   Number         0  stm32f4xx_hal.o ABSOLUTE
    ../Drivers/STM32F4xx_HAL_Driver/Src/stm32f4xx_hal_adc.c 0x00000000   Number         0  stm32f4xx_hal_adc.o ABSOLUTE
    ../Drivers/STM32F4xx_HAL_Driver/Src/stm32f4xx_hal_adc_ex.c 0x00000000   Number         0  stm32f4xx_hal_adc_ex.o ABSOLUTE
    ../Drivers/STM32F4xx_HAL_Driver/Src/stm32f4xx_hal_cortex.c 0x00000000   Number         0  stm32f4xx_hal_cortex.o ABSOLUTE
    ../Drivers/STM32F4xx_HAL_Driver/Src/stm32f4xx_hal_dma.c 0x00000000   Number         0  stm32f4xx_hal_dma.o ABSOLUTE
    ../Drivers/STM32F4xx_HAL_Driver/Src/stm32f4xx_hal_dma_ex.c 0x00000000   Number         0  stm32f4xx_hal_dma_ex.o ABSOLUTE
    ../Drivers/STM32F4xx_HAL_Driver/Src/stm32f4xx_hal_exti.c 0x00000000   Number         0  stm32f4xx_hal_exti.o ABSOLUTE
    ../Drivers/STM32F4xx_HAL_Driver/Src/stm32f4xx_hal_flash.c 0x00000000   Number         0  stm32f4xx_hal_flash.o ABSOLUTE
    ../Drivers/STM32F4xx_HAL_Driver/Src/stm32f4xx_hal_flash_ex.c 0x00000000   Number         0  stm32f4xx_hal_flash_ex.o ABSOLUTE
    ../Drivers/STM32F4xx_HAL_Driver/Src/stm32f4xx_hal_flash_ramfunc.c 0x00000000   Number         0  stm32f4xx_hal_flash_ramfunc.o ABSOLUTE
    ../Drivers/STM32F4xx_HAL_Driver/Src/stm32f4xx_hal_gpio.c 0x00000000   Number         0  stm32f4xx_hal_gpio.o ABSOLUTE
    ../Drivers/STM32F4xx_HAL_Driver/Src/stm32f4xx_hal_pwr.c 0x00000000   Number         0  stm32f4xx_hal_pwr.o ABSOLUTE
    ../Drivers/STM32F4xx_HAL_Driver/Src/stm32f4xx_hal_pwr_ex.c 0x00000000   Number         0  stm32f4xx_hal_pwr_ex.o ABSOLUTE
    ../Drivers/STM32F4xx_HAL_Driver/Src/stm32f4xx_hal_rcc.c 0x00000000   Number         0  stm32f4xx_hal_rcc.o ABSOLUTE
    ../Drivers/STM32F4xx_HAL_Driver/Src/stm32f4xx_hal_rcc_ex.c 0x00000000   Number         0  stm32f4xx_hal_rcc_ex.o ABSOLUTE
    ../Drivers/STM32F4xx_HAL_Driver/Src/stm32f4xx_hal_rtc.c 0x00000000   Number         0  stm32f4xx_hal_rtc.o ABSOLUTE
    ../Drivers/STM32F4xx_HAL_Driver/Src/stm32f4xx_hal_rtc_ex.c 0x00000000   Number         0  stm32f4xx_hal_rtc_ex.o ABSOLUTE
    ../Drivers/STM32F4xx_HAL_Driver/Src/stm32f4xx_hal_spi.c 0x00000000   Number         0  stm32f4xx_hal_spi.o ABSOLUTE
    ../Drivers/STM32F4xx_HAL_Driver/Src/stm32f4xx_hal_tim.c 0x00000000   Number         0  stm32f4xx_hal_tim.o ABSOLUTE
    ../Drivers/STM32F4xx_HAL_Driver/Src/stm32f4xx_hal_tim_ex.c 0x00000000   Number         0  stm32f4xx_hal_tim_ex.o ABSOLUTE
    ../Drivers/STM32F4xx_HAL_Driver/Src/stm32f4xx_hal_uart.c 0x00000000   Number         0  stm32f4xx_hal_uart.o ABSOLUTE
    ../Drivers/STM32F4xx_HAL_Driver/Src/stm32f4xx_ll_adc.c 0x00000000   Number         0  stm32f4xx_ll_adc.o ABSOLUTE
    ../Middlewares/Third_Party/FreeRTOS/Source/CMSIS_RTOS_V2/cmsis_os2.c 0x00000000   Number         0  cmsis_os2.o ABSOLUTE
    ../Middlewares/Third_Party/FreeRTOS/Source/croutine.c 0x00000000   Number         0  croutine.o ABSOLUTE
    ../Middlewares/Third_Party/FreeRTOS/Source/event_groups.c 0x00000000   Number         0  event_groups.o ABSOLUTE
    ../Middlewares/Third_Party/FreeRTOS/Source/list.c 0x00000000   Number         0  list.o ABSOLUTE
    ../Middlewares/Third_Party/FreeRTOS/Source/portable/MemMang/heap_4.c 0x00000000   Number         0  heap_4.o ABSOLUTE
    ../Middlewares/Third_Party/FreeRTOS/Source/portable/RVDS/ARM_CM4F/port.c 0x00000000   Number         0  port.o ABSOLUTE
    ../Middlewares/Third_Party/FreeRTOS/Source/queue.c 0x00000000   Number         0  queue.o ABSOLUTE
    ../Middlewares/Third_Party/FreeRTOS/Source/stream_buffer.c 0x00000000   Number         0  stream_buffer.o ABSOLUTE
    ../Middlewares/Third_Party/FreeRTOS/Source/tasks.c 0x00000000   Number         0  tasks.o ABSOLUTE
    ../Middlewares/Third_Party/FreeRTOS/Source/timers.c 0x00000000   Number         0  timers.o ABSOLUTE
    ../clib/microlib/division.c              0x00000000   Number         0  uldiv.o ABSOLUTE
    ../clib/microlib/division.c              0x00000000   Number         0  uidiv.o ABSOLUTE
    ../clib/microlib/init/entry.s            0x00000000   Number         0  entry9a.o ABSOLUTE
    ../clib/microlib/init/entry.s            0x00000000   Number         0  entry8b.o ABSOLUTE
    ../clib/microlib/init/entry.s            0x00000000   Number         0  entry7b.o ABSOLUTE
    ../clib/microlib/init/entry.s            0x00000000   Number         0  entry.o ABSOLUTE
    ../clib/microlib/init/entry.s            0x00000000   Number         0  entry7a.o ABSOLUTE
    ../clib/microlib/init/entry.s            0x00000000   Number         0  entry2.o ABSOLUTE
    ../clib/microlib/init/entry.s            0x00000000   Number         0  entry5.o ABSOLUTE
    ../clib/microlib/init/entry.s            0x00000000   Number         0  entry12a.o ABSOLUTE
    ../clib/microlib/init/entry.s            0x00000000   Number         0  entry10a.o ABSOLUTE
    ../clib/microlib/init/entry.s            0x00000000   Number         0  entry12b.o ABSOLUTE
    ../clib/microlib/init/entry.s            0x00000000   Number         0  entry11b.o ABSOLUTE
    ../clib/microlib/init/entry.s            0x00000000   Number         0  entry11a.o ABSOLUTE
    ../clib/microlib/init/entry.s            0x00000000   Number         0  entry10b.o ABSOLUTE
    ../clib/microlib/init/entry.s            0x00000000   Number         0  entry8a.o ABSOLUTE
    ../clib/microlib/init/entry.s            0x00000000   Number         0  entry9b.o ABSOLUTE
    ../clib/microlib/longlong.c              0x00000000   Number         0  llsshr.o ABSOLUTE
    ../clib/microlib/longlong.c              0x00000000   Number         0  llushr.o ABSOLUTE
    ../clib/microlib/longlong.c              0x00000000   Number         0  llshl.o ABSOLUTE
    ../clib/microlib/printf/printf.c         0x00000000   Number         0  printfb.o ABSOLUTE
    ../clib/microlib/printf/printf.c         0x00000000   Number         0  printf5.o ABSOLUTE
    ../clib/microlib/printf/printf.c         0x00000000   Number         0  printf6.o ABSOLUTE
    ../clib/microlib/printf/printf.c         0x00000000   Number         0  printf7.o ABSOLUTE
    ../clib/microlib/printf/printf.c         0x00000000   Number         0  printf8.o ABSOLUTE
    ../clib/microlib/printf/printf.c         0x00000000   Number         0  printf3.o ABSOLUTE
    ../clib/microlib/printf/printf.c         0x00000000   Number         0  printf4.o ABSOLUTE
    ../clib/microlib/printf/printf.c         0x00000000   Number         0  printf2.o ABSOLUTE
    ../clib/microlib/printf/printf.c         0x00000000   Number         0  printf1.o ABSOLUTE
    ../clib/microlib/printf/printf.c         0x00000000   Number         0  printf0.o ABSOLUTE
    ../clib/microlib/printf/printf.c         0x00000000   Number         0  printfa.o ABSOLUTE
    ../clib/microlib/printf/stubs.s          0x00000000   Number         0  stubs.o ABSOLUTE
    ../clib/microlib/stdio/streams.c         0x00000000   Number         0  stdout.o ABSOLUTE
    ../clib/microlib/string/memcpy.c         0x00000000   Number         0  memcpya.o ABSOLUTE
    ../clib/microlib/string/memcpy.c         0x00000000   Number         0  memcpyb.o ABSOLUTE
    ../clib/microlib/string/memset.c         0x00000000   Number         0  memset.o ABSOLUTE
    ../clib/microlib/string/memset.c         0x00000000   Number         0  memseta.o ABSOLUTE
    ../clib/microlib/string/strcpy.c         0x00000000   Number         0  strcpy.o ABSOLUTE
    ../clib/microlib/string/strlen.c         0x00000000   Number         0  strlen.o ABSOLUTE
    ../clib/microlib/stubs.s                 0x00000000   Number         0  iusefp.o ABSOLUTE
    ../fplib/microlib/fpadd.c                0x00000000   Number         0  dadd.o ABSOLUTE
    ../fplib/microlib/fpdiv.c                0x00000000   Number         0  ddiv.o ABSOLUTE
    ../fplib/microlib/fpepilogue.c           0x00000000   Number         0  depilogue.o ABSOLUTE
    ../fplib/microlib/fpfix.c                0x00000000   Number         0  dfixul.o ABSOLUTE
    ../fplib/microlib/fpmul.c                0x00000000   Number         0  dmul.o ABSOLUTE
    ..\Core\Src\adc.c                        0x00000000   Number         0  adc.o ABSOLUTE
    ..\Core\Src\dma.c                        0x00000000   Number         0  dma.o ABSOLUTE
    ..\Core\Src\gpio.c                       0x00000000   Number         0  gpio.o ABSOLUTE
    ..\Core\Src\main.c                       0x00000000   Number         0  main.o ABSOLUTE
    ..\Core\Src\rtc.c                        0x00000000   Number         0  rtc.o ABSOLUTE
    ..\Core\Src\spi.c                        0x00000000   Number         0  spi.o ABSOLUTE
    ..\Core\Src\stm32f4xx_hal_msp.c          0x00000000   Number         0  stm32f4xx_hal_msp.o ABSOLUTE
    ..\Core\Src\stm32f4xx_hal_timebase_tim.c 0x00000000   Number         0  stm32f4xx_hal_timebase_tim.o ABSOLUTE
    ..\Core\Src\stm32f4xx_it.c               0x00000000   Number         0  stm32f4xx_it.o ABSOLUTE
    ..\Core\Src\system_stm32f4xx.c           0x00000000   Number         0  system_stm32f4xx.o ABSOLUTE
    ..\Core\Src\tim.c                        0x00000000   Number         0  tim.o ABSOLUTE
    ..\Core\Src\usart.c                      0x00000000   Number         0  usart.o ABSOLUTE
    ..\Drivers\STM32F4xx_HAL_Driver\Src\stm32f4xx_hal.c 0x00000000   Number         0  stm32f4xx_hal.o ABSOLUTE
    ..\Drivers\STM32F4xx_HAL_Driver\Src\stm32f4xx_hal_adc.c 0x00000000   Number         0  stm32f4xx_hal_adc.o ABSOLUTE
    ..\Drivers\STM32F4xx_HAL_Driver\Src\stm32f4xx_hal_adc_ex.c 0x00000000   Number         0  stm32f4xx_hal_adc_ex.o ABSOLUTE
    ..\Drivers\STM32F4xx_HAL_Driver\Src\stm32f4xx_hal_cortex.c 0x00000000   Number         0  stm32f4xx_hal_cortex.o ABSOLUTE
    ..\Drivers\STM32F4xx_HAL_Driver\Src\stm32f4xx_hal_dma.c 0x00000000   Number         0  stm32f4xx_hal_dma.o ABSOLUTE
    ..\Drivers\STM32F4xx_HAL_Driver\Src\stm32f4xx_hal_dma_ex.c 0x00000000   Number         0  stm32f4xx_hal_dma_ex.o ABSOLUTE
    ..\Drivers\STM32F4xx_HAL_Driver\Src\stm32f4xx_hal_exti.c 0x00000000   Number         0  stm32f4xx_hal_exti.o ABSOLUTE
    ..\Drivers\STM32F4xx_HAL_Driver\Src\stm32f4xx_hal_flash.c 0x00000000   Number         0  stm32f4xx_hal_flash.o ABSOLUTE
    ..\Drivers\STM32F4xx_HAL_Driver\Src\stm32f4xx_hal_flash_ex.c 0x00000000   Number         0  stm32f4xx_hal_flash_ex.o ABSOLUTE
    ..\Drivers\STM32F4xx_HAL_Driver\Src\stm32f4xx_hal_flash_ramfunc.c 0x00000000   Number         0  stm32f4xx_hal_flash_ramfunc.o ABSOLUTE
    ..\Drivers\STM32F4xx_HAL_Driver\Src\stm32f4xx_hal_gpio.c 0x00000000   Number         0  stm32f4xx_hal_gpio.o ABSOLUTE
    ..\Drivers\STM32F4xx_HAL_Driver\Src\stm32f4xx_hal_pwr.c 0x00000000   Number         0  stm32f4xx_hal_pwr.o ABSOLUTE
    ..\Drivers\STM32F4xx_HAL_Driver\Src\stm32f4xx_hal_pwr_ex.c 0x00000000   Number         0  stm32f4xx_hal_pwr_ex.o ABSOLUTE
    ..\Drivers\STM32F4xx_HAL_Driver\Src\stm32f4xx_hal_rcc.c 0x00000000   Number         0  stm32f4xx_hal_rcc.o ABSOLUTE
    ..\Drivers\STM32F4xx_HAL_Driver\Src\stm32f4xx_hal_rcc_ex.c 0x00000000   Number         0  stm32f4xx_hal_rcc_ex.o ABSOLUTE
    ..\Drivers\STM32F4xx_HAL_Driver\Src\stm32f4xx_hal_rtc.c 0x00000000   Number         0  stm32f4xx_hal_rtc.o ABSOLUTE
    ..\Drivers\STM32F4xx_HAL_Driver\Src\stm32f4xx_hal_rtc_ex.c 0x00000000   Number         0  stm32f4xx_hal_rtc_ex.o ABSOLUTE
    ..\Drivers\STM32F4xx_HAL_Driver\Src\stm32f4xx_hal_spi.c 0x00000000   Number         0  stm32f4xx_hal_spi.o ABSOLUTE
    ..\Drivers\STM32F4xx_HAL_Driver\Src\stm32f4xx_hal_tim.c 0x00000000   Number         0  stm32f4xx_hal_tim.o ABSOLUTE
    ..\Drivers\STM32F4xx_HAL_Driver\Src\stm32f4xx_hal_tim_ex.c 0x00000000   Number         0  stm32f4xx_hal_tim_ex.o ABSOLUTE
    ..\Drivers\STM32F4xx_HAL_Driver\Src\stm32f4xx_hal_uart.c 0x00000000   Number         0  stm32f4xx_hal_uart.o ABSOLUTE
    ..\Middlewares\Third_Party\FreeRTOS\Source\CMSIS_RTOS_V2\cmsis_os2.c 0x00000000   Number         0  cmsis_os2.o ABSOLUTE
    ..\Middlewares\Third_Party\FreeRTOS\Source\portable\RVDS\ARM_CM4F\port.c 0x00000000   Number         0  port.o ABSOLUTE
    ..\SYSTEM\delay.c                        0x00000000   Number         0  delay.o ABSOLUTE
    ..\\Core\\Src\\adc.c                     0x00000000   Number         0  adc.o ABSOLUTE
    ..\\Core\\Src\\dma.c                     0x00000000   Number         0  dma.o ABSOLUTE
    ..\\Core\\Src\\gpio.c                    0x00000000   Number         0  gpio.o ABSOLUTE
    ..\\Core\\Src\\main.c                    0x00000000   Number         0  main.o ABSOLUTE
    ..\\Core\\Src\\rtc.c                     0x00000000   Number         0  rtc.o ABSOLUTE
    ..\\Core\\Src\\spi.c                     0x00000000   Number         0  spi.o ABSOLUTE
    ..\\Core\\Src\\stm32f4xx_hal_msp.c       0x00000000   Number         0  stm32f4xx_hal_msp.o ABSOLUTE
    ..\\Core\\Src\\stm32f4xx_hal_timebase_tim.c 0x00000000   Number         0  stm32f4xx_hal_timebase_tim.o ABSOLUTE
    ..\\Core\\Src\\stm32f4xx_it.c            0x00000000   Number         0  stm32f4xx_it.o ABSOLUTE
    ..\\Core\\Src\\tim.c                     0x00000000   Number         0  tim.o ABSOLUTE
    ..\\Core\\Src\\usart.c                   0x00000000   Number         0  usart.o ABSOLUTE
    ..\\SYSTEM\\delay.c                      0x00000000   Number         0  delay.o ABSOLUTE
    cdrcmple.s                               0x00000000   Number         0  cdrcmple.o ABSOLUTE
    dc.s                                     0x00000000   Number         0  dc.o ABSOLUTE
    handlers.s                               0x00000000   Number         0  handlers.o ABSOLUTE
    init.s                                   0x00000000   Number         0  init.o ABSOLUTE
    startup_stm32f411xe.s                    0x00000000   Number         0  startup_stm32f411xe.o ABSOLUTE
    RESET                                    0x0800c000   Section      408  startup_stm32f411xe.o(RESET)
    .ARM.Collect$$$$00000000                 0x0800c198   Section        0  entry.o(.ARM.Collect$$$$00000000)
    .ARM.Collect$$$$00000001                 0x0800c198   Section        4  entry2.o(.ARM.Collect$$$$00000001)
    .ARM.Collect$$$$00000004                 0x0800c19c   Section        4  entry5.o(.ARM.Collect$$$$00000004)
    .ARM.Collect$$$$00000008                 0x0800c1a0   Section        0  entry7b.o(.ARM.Collect$$$$00000008)
    .ARM.Collect$$$$0000000A                 0x0800c1a0   Section        0  entry8b.o(.ARM.Collect$$$$0000000A)
    .ARM.Collect$$$$0000000B                 0x0800c1a0   Section        8  entry9a.o(.ARM.Collect$$$$0000000B)
    .ARM.Collect$$$$0000000E                 0x0800c1a8   Section        4  entry12b.o(.ARM.Collect$$$$0000000E)
    .ARM.Collect$$$$0000000F                 0x0800c1ac   Section        0  entry10a.o(.ARM.Collect$$$$0000000F)
    .ARM.Collect$$$$00000011                 0x0800c1ac   Section        0  entry11a.o(.ARM.Collect$$$$00000011)
    .ARM.Collect$$$$00002712                 0x0800c1ac   Section        4  entry2.o(.ARM.Collect$$$$00002712)
    __lit__00000000                          0x0800c1ac   Data           4  entry2.o(.ARM.Collect$$$$00002712)
    .emb_text                                0x0800c1b0   Section      190  port.o(.emb_text)
    $v0                                      0x0800c1b0   Number         0  port.o(.emb_text)
    .text                                    0x0800c270   Section       36  startup_stm32f411xe.o(.text)
    $v0                                      0x0800c270   Number         0  startup_stm32f411xe.o(.text)
    .text                                    0x0800c294   Section        0  uldiv.o(.text)
    .text                                    0x0800c2f6   Section        0  memcpya.o(.text)
    .text                                    0x0800c31a   Section        0  memseta.o(.text)
    .text                                    0x0800c33e   Section        0  llshl.o(.text)
    .text                                    0x0800c35c   Section        0  llushr.o(.text)
    .text                                    0x0800c37c   Section       36  init.o(.text)
    i.BusFault_Handler                       0x0800c3a0   Section        0  stm32f4xx_it.o(i.BusFault_Handler)
    i.DMA2_Stream2_IRQHandler                0x0800c3a4   Section        0  stm32f4xx_it.o(i.DMA2_Stream2_IRQHandler)
    i.DMA2_Stream5_IRQHandler                0x0800c3b0   Section        0  stm32f4xx_it.o(i.DMA2_Stream5_IRQHandler)
    i.DMA2_Stream7_IRQHandler                0x0800c3bc   Section        0  stm32f4xx_it.o(i.DMA2_Stream7_IRQHandler)
    i.DMA_SetConfig                          0x0800c3c8   Section        0  stm32f4xx_hal_dma.o(i.DMA_SetConfig)
    DMA_SetConfig                            0x0800c3c9   Thumb Code    40  stm32f4xx_hal_dma.o(i.DMA_SetConfig)
    i.DebugMon_Handler                       0x0800c3f0   Section        0  stm32f4xx_it.o(i.DebugMon_Handler)
    i.EXTI15_10_IRQHandler                   0x0800c3f4   Section        0  stm32f4xx_it.o(i.EXTI15_10_IRQHandler)
    i.EXTI2_IRQHandler                       0x0800c404   Section        0  stm32f4xx_it.o(i.EXTI2_IRQHandler)
    i.EXTI4_IRQHandler                       0x0800c414   Section        0  stm32f4xx_it.o(i.EXTI4_IRQHandler)
    i.EXTI9_5_IRQHandler                     0x0800c41a   Section        0  stm32f4xx_it.o(i.EXTI9_5_IRQHandler)
    i.HAL_DMA_Abort                          0x0800c420   Section        0  stm32f4xx_hal_dma.o(i.HAL_DMA_Abort)
    i.HAL_DMA_Abort_IT                       0x0800c4b2   Section        0  stm32f4xx_hal_dma.o(i.HAL_DMA_Abort_IT)
    i.HAL_DMA_IRQHandler                     0x0800c4d8   Section        0  stm32f4xx_hal_dma.o(i.HAL_DMA_IRQHandler)
    i.HAL_DMA_Start_IT                       0x0800c678   Section        0  stm32f4xx_hal_dma.o(i.HAL_DMA_Start_IT)
    i.HAL_GPIO_EXTI_Callback                 0x0800c6e6   Section        0  stm32f4xx_hal_gpio.o(i.HAL_GPIO_EXTI_Callback)
    i.HAL_GPIO_EXTI_IRQHandler               0x0800c6e8   Section        0  stm32f4xx_hal_gpio.o(i.HAL_GPIO_EXTI_IRQHandler)
    i.HAL_GetTick                            0x0800c700   Section        0  stm32f4xx_hal.o(i.HAL_GetTick)
    i.HAL_IncTick                            0x0800c70c   Section        0  stm32f4xx_hal.o(i.HAL_IncTick)
    i.HAL_Init                               0x0800c71c   Section        0  stm32f4xx_hal.o(i.HAL_Init)
    i.HAL_InitTick                           0x0800c750   Section        0  stm32f4xx_hal_timebase_tim.o(i.HAL_InitTick)
    i.HAL_MspInit                            0x0800c7dc   Section        0  stm32f4xx_hal_msp.o(i.HAL_MspInit)
    i.HAL_NVIC_EnableIRQ                     0x0800c814   Section        0  stm32f4xx_hal_cortex.o(i.HAL_NVIC_EnableIRQ)
    i.HAL_NVIC_SetPriority                   0x0800c830   Section        0  stm32f4xx_hal_cortex.o(i.HAL_NVIC_SetPriority)
    i.HAL_NVIC_SetPriorityGrouping           0x0800c870   Section        0  stm32f4xx_hal_cortex.o(i.HAL_NVIC_SetPriorityGrouping)
    i.HAL_RCC_ClockConfig                    0x0800c894   Section        0  stm32f4xx_hal_rcc.o(i.HAL_RCC_ClockConfig)
    i.HAL_RCC_GetClockConfig                 0x0800c9c8   Section        0  stm32f4xx_hal_rcc.o(i.HAL_RCC_GetClockConfig)
    i.HAL_RCC_GetPCLK2Freq                   0x0800ca08   Section        0  stm32f4xx_hal_rcc.o(i.HAL_RCC_GetPCLK2Freq)
    i.HAL_RCC_GetSysClockFreq                0x0800ca28   Section        0  stm32f4xx_hal_rcc.o(i.HAL_RCC_GetSysClockFreq)
    i.HAL_RCC_OscConfig                      0x0800ca8c   Section        0  stm32f4xx_hal_rcc.o(i.HAL_RCC_OscConfig)
    i.HAL_RTCEx_WakeUpTimerEventCallback     0x0800cdf8   Section        0  stm32f4xx_hal_rtc_ex.o(i.HAL_RTCEx_WakeUpTimerEventCallback)
    i.HAL_RTCEx_WakeUpTimerIRQHandler        0x0800cdfc   Section        0  stm32f4xx_hal_rtc_ex.o(i.HAL_RTCEx_WakeUpTimerIRQHandler)
    i.HAL_TIMEx_BreakCallback                0x0800ce30   Section        0  stm32f4xx_hal_tim_ex.o(i.HAL_TIMEx_BreakCallback)
    i.HAL_TIMEx_CommutCallback               0x0800ce32   Section        0  stm32f4xx_hal_tim_ex.o(i.HAL_TIMEx_CommutCallback)
    i.HAL_TIM_Base_Init                      0x0800ce34   Section        0  stm32f4xx_hal_tim.o(i.HAL_TIM_Base_Init)
    i.HAL_TIM_Base_MspInit                   0x0800ce8e   Section        0  stm32f4xx_hal_tim.o(i.HAL_TIM_Base_MspInit)
    i.HAL_TIM_Base_Start_IT                  0x0800ce90   Section        0  stm32f4xx_hal_tim.o(i.HAL_TIM_Base_Start_IT)
    i.HAL_TIM_IC_CaptureCallback             0x0800cefc   Section        0  stm32f4xx_hal_tim.o(i.HAL_TIM_IC_CaptureCallback)
    i.HAL_TIM_IRQHandler                     0x0800cefe   Section        0  stm32f4xx_hal_tim.o(i.HAL_TIM_IRQHandler)
    i.HAL_TIM_OC_DelayElapsedCallback        0x0800d064   Section        0  stm32f4xx_hal_tim.o(i.HAL_TIM_OC_DelayElapsedCallback)
    i.HAL_TIM_PWM_PulseFinishedCallback      0x0800d066   Section        0  stm32f4xx_hal_tim.o(i.HAL_TIM_PWM_PulseFinishedCallback)
    i.HAL_TIM_PeriodElapsedCallback          0x0800d068   Section        0  main.o(i.HAL_TIM_PeriodElapsedCallback)
    i.HAL_TIM_TriggerCallback                0x0800d07c   Section        0  stm32f4xx_hal_tim.o(i.HAL_TIM_TriggerCallback)
    i.HAL_UARTEx_RxEventCallback             0x0800d07e   Section        0  stm32f4xx_hal_uart.o(i.HAL_UARTEx_RxEventCallback)
    i.HAL_UART_DMAStop                       0x0800d080   Section        0  stm32f4xx_hal_uart.o(i.HAL_UART_DMAStop)
    i.HAL_UART_ErrorCallback                 0x0800d0f0   Section        0  stm32f4xx_hal_uart.o(i.HAL_UART_ErrorCallback)
    i.HAL_UART_IRQHandler                    0x0800d0f4   Section        0  stm32f4xx_hal_uart.o(i.HAL_UART_IRQHandler)
    i.HAL_UART_Receive_DMA                   0x0800d35c   Section        0  stm32f4xx_hal_uart.o(i.HAL_UART_Receive_DMA)
    i.HAL_UART_RxCpltCallback                0x0800d386   Section        0  stm32f4xx_hal_uart.o(i.HAL_UART_RxCpltCallback)
    i.HAL_UART_RxHalfCpltCallback            0x0800d388   Section        0  stm32f4xx_hal_uart.o(i.HAL_UART_RxHalfCpltCallback)
    i.HAL_UART_TxCpltCallback                0x0800d38a   Section        0  stm32f4xx_hal_uart.o(i.HAL_UART_TxCpltCallback)
    i.HardFault_Handler                      0x0800d38c   Section        0  stm32f4xx_it.o(i.HardFault_Handler)
    i.MemManage_Handler                      0x0800d38e   Section        0  stm32f4xx_it.o(i.MemManage_Handler)
    i.NMI_Handler                            0x0800d390   Section        0  stm32f4xx_it.o(i.NMI_Handler)
    i.RTC_WKUP_IRQHandler                    0x0800d394   Section        0  stm32f4xx_it.o(i.RTC_WKUP_IRQHandler)
    i.SysTick_Handler                        0x0800d3a0   Section        0  cmsis_os2.o(i.SysTick_Handler)
    i.SystemClock_Config                     0x0800d3bc   Section        0  main.o(i.SystemClock_Config)
    i.SystemInit                             0x0800d450   Section        0  system_stm32f4xx.o(i.SystemInit)
    i.TIM1_UP_TIM10_IRQHandler               0x0800d46c   Section        0  stm32f4xx_it.o(i.TIM1_UP_TIM10_IRQHandler)
    i.TIM_Base_SetConfig                     0x0800d478   Section        0  stm32f4xx_hal_tim.o(i.TIM_Base_SetConfig)
    i.UART_DMAAbortOnError                   0x0800d510   Section        0  stm32f4xx_hal_uart.o(i.UART_DMAAbortOnError)
    UART_DMAAbortOnError                     0x0800d511   Thumb Code    16  stm32f4xx_hal_uart.o(i.UART_DMAAbortOnError)
    i.UART_DMAError                          0x0800d520   Section        0  stm32f4xx_hal_uart.o(i.UART_DMAError)
    UART_DMAError                            0x0800d521   Thumb Code    74  stm32f4xx_hal_uart.o(i.UART_DMAError)
    i.UART_DMAReceiveCplt                    0x0800d56a   Section        0  stm32f4xx_hal_uart.o(i.UART_DMAReceiveCplt)
    UART_DMAReceiveCplt                      0x0800d56b   Thumb Code   130  stm32f4xx_hal_uart.o(i.UART_DMAReceiveCplt)
    i.UART_DMARxHalfCplt                     0x0800d5ec   Section        0  stm32f4xx_hal_uart.o(i.UART_DMARxHalfCplt)
    UART_DMARxHalfCplt                       0x0800d5ed   Thumb Code    26  stm32f4xx_hal_uart.o(i.UART_DMARxHalfCplt)
    i.UART_EndRxTransfer                     0x0800d606   Section        0  stm32f4xx_hal_uart.o(i.UART_EndRxTransfer)
    UART_EndRxTransfer                       0x0800d607   Thumb Code    78  stm32f4xx_hal_uart.o(i.UART_EndRxTransfer)
    i.UART_EndTxTransfer                     0x0800d654   Section        0  stm32f4xx_hal_uart.o(i.UART_EndTxTransfer)
    UART_EndTxTransfer                       0x0800d655   Thumb Code    28  stm32f4xx_hal_uart.o(i.UART_EndTxTransfer)
    i.UART_Receive_IT                        0x0800d670   Section        0  stm32f4xx_hal_uart.o(i.UART_Receive_IT)
    UART_Receive_IT                          0x0800d671   Thumb Code   192  stm32f4xx_hal_uart.o(i.UART_Receive_IT)
    i.UART_Start_Receive_DMA                 0x0800d730   Section        0  stm32f4xx_hal_uart.o(i.UART_Start_Receive_DMA)
    i.USART1_IRQHandler                      0x0800d7c4   Section        0  stm32f4xx_it.o(i.USART1_IRQHandler)
    i.UsageFault_Handler                     0x0800d804   Section        0  stm32f4xx_it.o(i.UsageFault_Handler)
    i.__NVIC_SetPriority                     0x0800d806   Section        0  stm32f4xx_hal_cortex.o(i.__NVIC_SetPriority)
    __NVIC_SetPriority                       0x0800d807   Thumb Code    32  stm32f4xx_hal_cortex.o(i.__NVIC_SetPriority)
    i.__scatterload_copy                     0x0800d826   Section       14  handlers.o(i.__scatterload_copy)
    i.__scatterload_null                     0x0800d834   Section        2  handlers.o(i.__scatterload_null)
    i.__scatterload_zeroinit                 0x0800d836   Section       14  handlers.o(i.__scatterload_zeroinit)
    i.main                                   0x0800d844   Section        0  main.o(i.main)
    i.osKernelInitialize                     0x0800d864   Section        0  cmsis_os2.o(i.osKernelInitialize)
    i.osKernelStart                          0x0800d888   Section        0  cmsis_os2.o(i.osKernelStart)
    i.prvAddCurrentTaskToDelayedList         0x0800d8c0   Section        0  tasks.o(i.prvAddCurrentTaskToDelayedList)
    prvAddCurrentTaskToDelayedList           0x0800d8c1   Thumb Code    84  tasks.o(i.prvAddCurrentTaskToDelayedList)
    i.prvAddNewTaskToReadyList               0x0800d91c   Section        0  tasks.o(i.prvAddNewTaskToReadyList)
    prvAddNewTaskToReadyList                 0x0800d91d   Thumb Code   190  tasks.o(i.prvAddNewTaskToReadyList)
    i.prvCheckForValidListAndQueue           0x0800d9ec   Section        0  timers.o(i.prvCheckForValidListAndQueue)
    prvCheckForValidListAndQueue             0x0800d9ed   Thumb Code    72  timers.o(i.prvCheckForValidListAndQueue)
    i.prvCopyDataFromQueue                   0x0800da44   Section        0  queue.o(i.prvCopyDataFromQueue)
    prvCopyDataFromQueue                     0x0800da45   Thumb Code    38  queue.o(i.prvCopyDataFromQueue)
    i.prvCopyDataToQueue                     0x0800da6a   Section        0  queue.o(i.prvCopyDataToQueue)
    prvCopyDataToQueue                       0x0800da6b   Thumb Code   108  queue.o(i.prvCopyDataToQueue)
    i.prvDeleteTCB                           0x0800dad6   Section        0  tasks.o(i.prvDeleteTCB)
    prvDeleteTCB                             0x0800dad7   Thumb Code    52  tasks.o(i.prvDeleteTCB)
    i.prvIdleTask                            0x0800db0c   Section        0  tasks.o(i.prvIdleTask)
    prvIdleTask                              0x0800db0d   Thumb Code    86  tasks.o(i.prvIdleTask)
    i.prvInitialiseNewQueue                  0x0800db70   Section        0  queue.o(i.prvInitialiseNewQueue)
    prvInitialiseNewQueue                    0x0800db71   Thumb Code    34  queue.o(i.prvInitialiseNewQueue)
    i.prvInitialiseNewTask                   0x0800db94   Section        0  tasks.o(i.prvInitialiseNewTask)
    prvInitialiseNewTask                     0x0800db95   Thumb Code   176  tasks.o(i.prvInitialiseNewTask)
    i.prvInsertBlockIntoFreeList             0x0800dc44   Section        0  heap_4.o(i.prvInsertBlockIntoFreeList)
    prvInsertBlockIntoFreeList               0x0800dc45   Thumb Code    72  heap_4.o(i.prvInsertBlockIntoFreeList)
    i.prvInsertTimerInActiveList             0x0800dc90   Section        0  timers.o(i.prvInsertTimerInActiveList)
    prvInsertTimerInActiveList               0x0800dc91   Thumb Code    52  timers.o(i.prvInsertTimerInActiveList)
    i.prvIsQueueEmpty                        0x0800dcc8   Section        0  queue.o(i.prvIsQueueEmpty)
    prvIsQueueEmpty                          0x0800dcc9   Thumb Code    28  queue.o(i.prvIsQueueEmpty)
    i.prvProcessReceivedCommands             0x0800dce4   Section        0  timers.o(i.prvProcessReceivedCommands)
    prvProcessReceivedCommands               0x0800dce5   Thumb Code   248  timers.o(i.prvProcessReceivedCommands)
    i.prvProcessTimerOrBlockTask             0x0800dde0   Section        0  timers.o(i.prvProcessTimerOrBlockTask)
    prvProcessTimerOrBlockTask               0x0800dde1   Thumb Code   182  timers.o(i.prvProcessTimerOrBlockTask)
    i.prvResetNextTaskUnblockTime            0x0800dea0   Section        0  tasks.o(i.prvResetNextTaskUnblockTime)
    prvResetNextTaskUnblockTime              0x0800dea1   Thumb Code    26  tasks.o(i.prvResetNextTaskUnblockTime)
    i.prvSampleTimeNow                       0x0800dec0   Section        0  timers.o(i.prvSampleTimeNow)
    prvSampleTimeNow                         0x0800dec1   Thumb Code    36  timers.o(i.prvSampleTimeNow)
    i.prvSwitchTimerLists                    0x0800dee8   Section        0  timers.o(i.prvSwitchTimerLists)
    prvSwitchTimerLists                      0x0800dee9   Thumb Code   104  timers.o(i.prvSwitchTimerLists)
    i.prvTaskExitError                       0x0800df54   Section        0  port.o(i.prvTaskExitError)
    prvTaskExitError                         0x0800df55   Thumb Code    36  port.o(i.prvTaskExitError)
    i.prvTimerTask                           0x0800df7c   Section        0  timers.o(i.prvTimerTask)
    prvTimerTask                             0x0800df7d   Thumb Code    32  timers.o(i.prvTimerTask)
    i.prvUnlockQueue                         0x0800dfa0   Section        0  queue.o(i.prvUnlockQueue)
    prvUnlockQueue                           0x0800dfa1   Thumb Code   106  queue.o(i.prvUnlockQueue)
    i.pxPortInitialiseStack                  0x0800e00c   Section        0  port.o(i.pxPortInitialiseStack)
    i.uxListRemove                           0x0800e038   Section        0  list.o(i.uxListRemove)
    i.vApplicationGetIdleTaskMemory          0x0800e060   Section        0  cmsis_os2.o(i.vApplicationGetIdleTaskMemory)
    i.vApplicationGetTimerTaskMemory         0x0800e074   Section        0  cmsis_os2.o(i.vApplicationGetTimerTaskMemory)
    i.vApplicationIdleHook                   0x0800e08c   Section        0  cmsis_os2.o(i.vApplicationIdleHook)
    i.vApplicationTickHook                   0x0800e08e   Section        0  cmsis_os2.o(i.vApplicationTickHook)
    i.vListInitialise                        0x0800e090   Section        0  list.o(i.vListInitialise)
    i.vListInitialiseItem                    0x0800e0a6   Section        0  list.o(i.vListInitialiseItem)
    i.vListInsert                            0x0800e0ac   Section        0  list.o(i.vListInsert)
    i.vListInsertEnd                         0x0800e0dc   Section        0  list.o(i.vListInsertEnd)
    i.vPortEnterCritical                     0x0800e0f4   Section        0  port.o(i.vPortEnterCritical)
    i.vPortExitCritical                      0x0800e134   Section        0  port.o(i.vPortExitCritical)
    i.vPortFree                              0x0800e15c   Section        0  heap_4.o(i.vPortFree)
    i.vPortSetupTimerInterrupt               0x0800e1c0   Section        0  port.o(i.vPortSetupTimerInterrupt)
    i.vPortValidateInterruptPriority         0x0800e1e4   Section        0  port.o(i.vPortValidateInterruptPriority)
    i.vQueueAddToRegistry                    0x0800e238   Section        0  queue.o(i.vQueueAddToRegistry)
    i.vQueueWaitForMessageRestricted         0x0800e260   Section        0  queue.o(i.vQueueWaitForMessageRestricted)
    i.vTaskInternalSetTimeOutState           0x0800e2a4   Section        0  tasks.o(i.vTaskInternalSetTimeOutState)
    i.vTaskMissedYield                       0x0800e2b4   Section        0  tasks.o(i.vTaskMissedYield)
    i.vTaskPlaceOnEventList                  0x0800e2c0   Section        0  tasks.o(i.vTaskPlaceOnEventList)
    i.vTaskPlaceOnEventListRestricted        0x0800e2f0   Section        0  tasks.o(i.vTaskPlaceOnEventListRestricted)
    i.vTaskStartScheduler                    0x0800e328   Section        0  tasks.o(i.vTaskStartScheduler)
    i.vTaskSuspendAll                        0x0800e3b0   Section        0  tasks.o(i.vTaskSuspendAll)
    i.vTaskSwitchContext                     0x0800e3c0   Section        0  tasks.o(i.vTaskSwitchContext)
    i.xPortStartScheduler                    0x0800e424   Section        0  port.o(i.xPortStartScheduler)
    i.xPortSysTickHandler                    0x0800e518   Section        0  port.o(i.xPortSysTickHandler)
    i.xQueueGenericCreateStatic              0x0800e544   Section        0  queue.o(i.xQueueGenericCreateStatic)
    i.xQueueGenericReset                     0x0800e5ac   Section        0  queue.o(i.xQueueGenericReset)
    i.xQueueGenericSend                      0x0800e634   Section        0  queue.o(i.xQueueGenericSend)
    i.xQueueGenericSendFromISR               0x0800e794   Section        0  queue.o(i.xQueueGenericSendFromISR)
    i.xQueueReceive                          0x0800e854   Section        0  queue.o(i.xQueueReceive)
    i.xTaskCheckForTimeOut                   0x0800e98c   Section        0  tasks.o(i.xTaskCheckForTimeOut)
    i.xTaskCreateStatic                      0x0800ea00   Section        0  tasks.o(i.xTaskCreateStatic)
    i.xTaskGetSchedulerState                 0x0800ea58   Section        0  tasks.o(i.xTaskGetSchedulerState)
    i.xTaskGetTickCount                      0x0800ea74   Section        0  tasks.o(i.xTaskGetTickCount)
    i.xTaskIncrementTick                     0x0800ea80   Section        0  tasks.o(i.xTaskIncrementTick)
    i.xTaskPriorityDisinherit                0x0800eb58   Section        0  tasks.o(i.xTaskPriorityDisinherit)
    i.xTaskRemoveFromEventList               0x0800ebd8   Section        0  tasks.o(i.xTaskRemoveFromEventList)
    i.xTaskResumeAll                         0x0800ec48   Section        0  tasks.o(i.xTaskResumeAll)
    i.xTimerCreateTimerTask                  0x0800ed0c   Section        0  timers.o(i.xTimerCreateTimerTask)
    i.xTimerGenericCommand                   0x0800ed6c   Section        0  timers.o(i.xTimerGenericCommand)
    .constdata                               0x0800edd4   Section       16  system_stm32f4xx.o(.constdata)
    .constdata                               0x0800ede4   Section        8  system_stm32f4xx.o(.constdata)
    .data                                    0x20000000   Section       12  stm32f4xx_hal.o(.data)
    .data                                    0x2000000c   Section        4  system_stm32f4xx.o(.data)
    .data                                    0x20000010   Section       60  tasks.o(.data)
    uxDeletedTasksWaitingCleanUp             0x20000014   Data           4  tasks.o(.data)
    uxCurrentNumberOfTasks                   0x20000018   Data           4  tasks.o(.data)
    xTickCount                               0x2000001c   Data           4  tasks.o(.data)
    uxTopReadyPriority                       0x20000020   Data           4  tasks.o(.data)
    xSchedulerRunning                        0x20000024   Data           4  tasks.o(.data)
    xPendedTicks                             0x20000028   Data           4  tasks.o(.data)
    xYieldPending                            0x2000002c   Data           4  tasks.o(.data)
    xNumOfOverflows                          0x20000030   Data           4  tasks.o(.data)
    uxTaskNumber                             0x20000034   Data           4  tasks.o(.data)
    xNextTaskUnblockTime                     0x20000038   Data           4  tasks.o(.data)
    xIdleTaskHandle                          0x2000003c   Data           4  tasks.o(.data)
    uxSchedulerSuspended                     0x20000040   Data           4  tasks.o(.data)
    pxDelayedTaskList                        0x20000044   Data           4  tasks.o(.data)
    pxOverflowDelayedTaskList                0x20000048   Data           4  tasks.o(.data)
    .data                                    0x2000004c   Section       20  timers.o(.data)
    xTimerQueue                              0x2000004c   Data           4  timers.o(.data)
    xTimerTaskHandle                         0x20000050   Data           4  timers.o(.data)
    xLastTime                                0x20000054   Data           4  timers.o(.data)
    pxCurrentTimerList                       0x20000058   Data           4  timers.o(.data)
    pxOverflowTimerList                      0x2000005c   Data           4  timers.o(.data)
    .data                                    0x20000060   Section        4  cmsis_os2.o(.data)
    KernelState                              0x20000060   Data           4  cmsis_os2.o(.data)
    .data                                    0x20000064   Section       32  heap_4.o(.data)
    pxEnd                                    0x20000064   Data           4  heap_4.o(.data)
    xFreeBytesRemaining                      0x20000068   Data           4  heap_4.o(.data)
    xMinimumEverFreeBytesRemaining           0x2000006c   Data           4  heap_4.o(.data)
    xNumberOfSuccessfulAllocations           0x20000070   Data           4  heap_4.o(.data)
    xNumberOfSuccessfulFrees                 0x20000074   Data           4  heap_4.o(.data)
    xBlockAllocatedBit                       0x20000078   Data           4  heap_4.o(.data)
    xStart                                   0x2000007c   Data           8  heap_4.o(.data)
    .data                                    0x20000084   Section       12  port.o(.data)
    ucMaxSysCallPriority                     0x20000084   Data           1  port.o(.data)
    uxCriticalNesting                        0x20000088   Data           4  port.o(.data)
    ulMaxPRIGROUPValue                       0x2000008c   Data           4  port.o(.data)
    .data                                    0x20000090   Section        3  stm32f4xx_it.o(.data)
    .bss                                     0x20000094   Section       64  queue.o(.bss)
    .bss                                     0x200000d4   Section     1220  tasks.o(.bss)
    pxReadyTasksLists                        0x200000d4   Data        1120  tasks.o(.bss)
    xDelayedTaskList1                        0x20000534   Data          20  tasks.o(.bss)
    xDelayedTaskList2                        0x20000548   Data          20  tasks.o(.bss)
    xPendingReadyList                        0x2000055c   Data          20  tasks.o(.bss)
    xTasksWaitingTermination                 0x20000570   Data          20  tasks.o(.bss)
    xSuspendedTaskList                       0x20000584   Data          20  tasks.o(.bss)
    .bss                                     0x20000598   Section      280  timers.o(.bss)
    xStaticTimerQueue                        0x20000598   Data          80  timers.o(.bss)
    ucStaticTimerQueueStorage                0x200005e8   Data         160  timers.o(.bss)
    xActiveTimerList1                        0x20000688   Data          20  timers.o(.bss)
    xActiveTimerList2                        0x2000069c   Data          20  timers.o(.bss)
    .bss                                     0x200006b0   Section     1720  cmsis_os2.o(.bss)
    Idle_TCB                                 0x200006b0   Data          92  cmsis_os2.o(.bss)
    Idle_Stack                               0x2000070c   Data         512  cmsis_os2.o(.bss)
    Timer_TCB                                0x2000090c   Data          92  cmsis_os2.o(.bss)
    Timer_Stack                              0x20000968   Data        1024  cmsis_os2.o(.bss)
    .bss                                     0x20000d68   Section       25  stm32f4xx_it.o(.bss)
    .bss                                     0x20000d84   Section       32  rtc.o(.bss)
    .bss                                     0x20000da4   Section      184  spi.o(.bss)
    .bss                                     0x20000e5c   Section       72  stm32f4xx_hal_timebase_tim.o(.bss)
    .bss                                     0x20000ea4   Section      260  usart.o(.bss)
    STACK                                    0x20000fa8   Section     4096  startup_stm32f411xe.o(STACK)

    Global Symbols

    Symbol Name                              Value     Ov Type        Size  Object(Section)

    BuildAttributes$$THM_ISAv4$E$P$D$K$B$S$7EM$VFPi3$EXTD16$VFPS$VFMA$PE$A:L22UL41UL21$X:L11$S22US41US21$IEEE1$IW$USESV6$~STKCKD$USESV7$~SHL$OSPACE$ROPI$EBA8$MICROLIB$REQ8$PRES8$EABIv2 0x00000000   Number         0  anon$$obj.o ABSOLUTE
    __ARM_use_no_argv                        0x00000000   Number         0  main.o ABSOLUTE
    _printf_a                                0x00000000   Number         0  stubs.o ABSOLUTE
    _printf_c                                0x00000000   Number         0  stubs.o ABSOLUTE
    _printf_charcount                        0x00000000   Number         0  stubs.o ABSOLUTE
    _printf_d                                0x00000000   Number         0  stubs.o ABSOLUTE
    _printf_e                                0x00000000   Number         0  stubs.o ABSOLUTE
    _printf_f                                0x00000000   Number         0  stubs.o ABSOLUTE
    _printf_flags                            0x00000000   Number         0  stubs.o ABSOLUTE
    _printf_fp_dec                           0x00000000   Number         0  stubs.o ABSOLUTE
    _printf_fp_hex                           0x00000000   Number         0  stubs.o ABSOLUTE
    _printf_g                                0x00000000   Number         0  stubs.o ABSOLUTE
    _printf_i                                0x00000000   Number         0  stubs.o ABSOLUTE
    _printf_int_dec                          0x00000000   Number         0  stubs.o ABSOLUTE
    _printf_l                                0x00000000   Number         0  stubs.o ABSOLUTE
    _printf_lc                               0x00000000   Number         0  stubs.o ABSOLUTE
    _printf_ll                               0x00000000   Number         0  stubs.o ABSOLUTE
    _printf_lld                              0x00000000   Number         0  stubs.o ABSOLUTE
    _printf_lli                              0x00000000   Number         0  stubs.o ABSOLUTE
    _printf_llo                              0x00000000   Number         0  stubs.o ABSOLUTE
    _printf_llu                              0x00000000   Number         0  stubs.o ABSOLUTE
    _printf_llx                              0x00000000   Number         0  stubs.o ABSOLUTE
    _printf_longlong_dec                     0x00000000   Number         0  stubs.o ABSOLUTE
    _printf_longlong_hex                     0x00000000   Number         0  stubs.o ABSOLUTE
    _printf_longlong_oct                     0x00000000   Number         0  stubs.o ABSOLUTE
    _printf_ls                               0x00000000   Number         0  stubs.o ABSOLUTE
    _printf_mbtowc                           0x00000000   Number         0  stubs.o ABSOLUTE
    _printf_n                                0x00000000   Number         0  stubs.o ABSOLUTE
    _printf_o                                0x00000000   Number         0  stubs.o ABSOLUTE
    _printf_p                                0x00000000   Number         0  stubs.o ABSOLUTE
    _printf_percent                          0x00000000   Number         0  stubs.o ABSOLUTE
    _printf_pre_padding                      0x00000000   Number         0  stubs.o ABSOLUTE
    _printf_return_value                     0x00000000   Number         0  stubs.o ABSOLUTE
    _printf_s                                0x00000000   Number         0  stubs.o ABSOLUTE
    _printf_sizespec                         0x00000000   Number         0  stubs.o ABSOLUTE
    _printf_str                              0x00000000   Number         0  stubs.o ABSOLUTE
    _printf_truncate_signed                  0x00000000   Number         0  stubs.o ABSOLUTE
    _printf_truncate_unsigned                0x00000000   Number         0  stubs.o ABSOLUTE
    _printf_u                                0x00000000   Number         0  stubs.o ABSOLUTE
    _printf_wc                               0x00000000   Number         0  stubs.o ABSOLUTE
    _printf_wctomb                           0x00000000   Number         0  stubs.o ABSOLUTE
    _printf_widthprec                        0x00000000   Number         0  stubs.o ABSOLUTE
    _printf_x                                0x00000000   Number         0  stubs.o ABSOLUTE
    __arm_fini_                               - Undefined Weak Reference
    __cpp_initialize__aeabi_                  - Undefined Weak Reference
    __cxa_finalize                            - Undefined Weak Reference
    __decompress                              - Undefined Weak Reference
    _clock_init                               - Undefined Weak Reference
    _microlib_exit                            - Undefined Weak Reference
    __Vectors_Size                           0x00000198   Number         0  startup_stm32f411xe.o ABSOLUTE
    __Vectors                                0x0800c000   Data           4  startup_stm32f411xe.o(RESET)
    __Vectors_End                            0x0800c198   Data           0  startup_stm32f411xe.o(RESET)
    __main                                   0x0800c199   Thumb Code     0  entry.o(.ARM.Collect$$$$00000000)
    _main_stk                                0x0800c199   Thumb Code     0  entry2.o(.ARM.Collect$$$$00000001)
    _main_scatterload                        0x0800c19d   Thumb Code     0  entry5.o(.ARM.Collect$$$$00000004)
    __main_after_scatterload                 0x0800c1a1   Thumb Code     0  entry5.o(.ARM.Collect$$$$00000004)
    _main_clock                              0x0800c1a1   Thumb Code     0  entry7b.o(.ARM.Collect$$$$00000008)
    _main_cpp_init                           0x0800c1a1   Thumb Code     0  entry8b.o(.ARM.Collect$$$$0000000A)
    _main_init                               0x0800c1a1   Thumb Code     0  entry9a.o(.ARM.Collect$$$$0000000B)
    __rt_lib_shutdown_fini                   0x0800c1a9   Thumb Code     0  entry12b.o(.ARM.Collect$$$$0000000E)
    __rt_final_cpp                           0x0800c1ad   Thumb Code     0  entry10a.o(.ARM.Collect$$$$0000000F)
    __rt_final_exit                          0x0800c1ad   Thumb Code     0  entry11a.o(.ARM.Collect$$$$00000011)
    SVC_Handler                              0x0800c1b1   Thumb Code    28  port.o(.emb_text)
    __asm___6_port_c_39a90d8d__prvStartFirstTask 0x0800c1d1   Thumb Code    36  port.o(.emb_text)
    __asm___6_port_c_39a90d8d__prvEnableVFP  0x0800c1f9   Thumb Code    16  port.o(.emb_text)
    PendSV_Handler                           0x0800c20d   Thumb Code    88  port.o(.emb_text)
    vPortGetIPSR                             0x0800c269   Thumb Code     6  port.o(.emb_text)
    Reset_Handler                            0x0800c271   Thumb Code     8  startup_stm32f411xe.o(.text)
    ADC_IRQHandler                           0x0800c28b   Thumb Code     0  startup_stm32f411xe.o(.text)
    DMA1_Stream0_IRQHandler                  0x0800c28b   Thumb Code     0  startup_stm32f411xe.o(.text)
    DMA1_Stream1_IRQHandler                  0x0800c28b   Thumb Code     0  startup_stm32f411xe.o(.text)
    DMA1_Stream2_IRQHandler                  0x0800c28b   Thumb Code     0  startup_stm32f411xe.o(.text)
    DMA1_Stream3_IRQHandler                  0x0800c28b   Thumb Code     0  startup_stm32f411xe.o(.text)
    DMA1_Stream4_IRQHandler                  0x0800c28b   Thumb Code     0  startup_stm32f411xe.o(.text)
    DMA1_Stream5_IRQHandler                  0x0800c28b   Thumb Code     0  startup_stm32f411xe.o(.text)
    DMA1_Stream6_IRQHandler                  0x0800c28b   Thumb Code     0  startup_stm32f411xe.o(.text)
    DMA1_Stream7_IRQHandler                  0x0800c28b   Thumb Code     0  startup_stm32f411xe.o(.text)
    DMA2_Stream0_IRQHandler                  0x0800c28b   Thumb Code     0  startup_stm32f411xe.o(.text)
    DMA2_Stream1_IRQHandler                  0x0800c28b   Thumb Code     0  startup_stm32f411xe.o(.text)
    DMA2_Stream3_IRQHandler                  0x0800c28b   Thumb Code     0  startup_stm32f411xe.o(.text)
    DMA2_Stream4_IRQHandler                  0x0800c28b   Thumb Code     0  startup_stm32f411xe.o(.text)
    DMA2_Stream6_IRQHandler                  0x0800c28b   Thumb Code     0  startup_stm32f411xe.o(.text)
    EXTI0_IRQHandler                         0x0800c28b   Thumb Code     0  startup_stm32f411xe.o(.text)
    EXTI1_IRQHandler                         0x0800c28b   Thumb Code     0  startup_stm32f411xe.o(.text)
    EXTI3_IRQHandler                         0x0800c28b   Thumb Code     0  startup_stm32f411xe.o(.text)
    FLASH_IRQHandler                         0x0800c28b   Thumb Code     0  startup_stm32f411xe.o(.text)
    FPU_IRQHandler                           0x0800c28b   Thumb Code     0  startup_stm32f411xe.o(.text)
    I2C1_ER_IRQHandler                       0x0800c28b   Thumb Code     0  startup_stm32f411xe.o(.text)
    I2C1_EV_IRQHandler                       0x0800c28b   Thumb Code     0  startup_stm32f411xe.o(.text)
    I2C2_ER_IRQHandler                       0x0800c28b   Thumb Code     0  startup_stm32f411xe.o(.text)
    I2C2_EV_IRQHandler                       0x0800c28b   Thumb Code     0  startup_stm32f411xe.o(.text)
    I2C3_ER_IRQHandler                       0x0800c28b   Thumb Code     0  startup_stm32f411xe.o(.text)
    I2C3_EV_IRQHandler                       0x0800c28b   Thumb Code     0  startup_stm32f411xe.o(.text)
    OTG_FS_IRQHandler                        0x0800c28b   Thumb Code     0  startup_stm32f411xe.o(.text)
    OTG_FS_WKUP_IRQHandler                   0x0800c28b   Thumb Code     0  startup_stm32f411xe.o(.text)
    PVD_IRQHandler                           0x0800c28b   Thumb Code     0  startup_stm32f411xe.o(.text)
    RCC_IRQHandler                           0x0800c28b   Thumb Code     0  startup_stm32f411xe.o(.text)
    RTC_Alarm_IRQHandler                     0x0800c28b   Thumb Code     0  startup_stm32f411xe.o(.text)
    SDIO_IRQHandler                          0x0800c28b   Thumb Code     0  startup_stm32f411xe.o(.text)
    SPI1_IRQHandler                          0x0800c28b   Thumb Code     0  startup_stm32f411xe.o(.text)
    SPI2_IRQHandler                          0x0800c28b   Thumb Code     0  startup_stm32f411xe.o(.text)
    SPI3_IRQHandler                          0x0800c28b   Thumb Code     0  startup_stm32f411xe.o(.text)
    SPI4_IRQHandler                          0x0800c28b   Thumb Code     0  startup_stm32f411xe.o(.text)
    SPI5_IRQHandler                          0x0800c28b   Thumb Code     0  startup_stm32f411xe.o(.text)
    TAMP_STAMP_IRQHandler                    0x0800c28b   Thumb Code     0  startup_stm32f411xe.o(.text)
    TIM1_BRK_TIM9_IRQHandler                 0x0800c28b   Thumb Code     0  startup_stm32f411xe.o(.text)
    TIM1_CC_IRQHandler                       0x0800c28b   Thumb Code     0  startup_stm32f411xe.o(.text)
    TIM1_TRG_COM_TIM11_IRQHandler            0x0800c28b   Thumb Code     0  startup_stm32f411xe.o(.text)
    TIM2_IRQHandler                          0x0800c28b   Thumb Code     0  startup_stm32f411xe.o(.text)
    TIM3_IRQHandler                          0x0800c28b   Thumb Code     0  startup_stm32f411xe.o(.text)
    TIM4_IRQHandler                          0x0800c28b   Thumb Code     0  startup_stm32f411xe.o(.text)
    TIM5_IRQHandler                          0x0800c28b   Thumb Code     0  startup_stm32f411xe.o(.text)
    USART2_IRQHandler                        0x0800c28b   Thumb Code     0  startup_stm32f411xe.o(.text)
    USART6_IRQHandler                        0x0800c28b   Thumb Code     0  startup_stm32f411xe.o(.text)
    WWDG_IRQHandler                          0x0800c28b   Thumb Code     0  startup_stm32f411xe.o(.text)
    __aeabi_uldivmod                         0x0800c295   Thumb Code    98  uldiv.o(.text)
    __aeabi_memcpy                           0x0800c2f7   Thumb Code    36  memcpya.o(.text)
    __aeabi_memcpy4                          0x0800c2f7   Thumb Code     0  memcpya.o(.text)
    __aeabi_memcpy8                          0x0800c2f7   Thumb Code     0  memcpya.o(.text)
    __aeabi_memset                           0x0800c31b   Thumb Code    14  memseta.o(.text)
    __aeabi_memset4                          0x0800c31b   Thumb Code     0  memseta.o(.text)
    __aeabi_memset8                          0x0800c31b   Thumb Code     0  memseta.o(.text)
    __aeabi_memclr                           0x0800c329   Thumb Code     4  memseta.o(.text)
    __aeabi_memclr4                          0x0800c329   Thumb Code     0  memseta.o(.text)
    __aeabi_memclr8                          0x0800c329   Thumb Code     0  memseta.o(.text)
    memset                                   0x0800c32d   Thumb Code    18  memseta.o(.text)
    __aeabi_llsl                             0x0800c33f   Thumb Code    30  llshl.o(.text)
    _ll_shift_l                              0x0800c33f   Thumb Code     0  llshl.o(.text)
    __aeabi_llsr                             0x0800c35d   Thumb Code    32  llushr.o(.text)
    _ll_ushift_r                             0x0800c35d   Thumb Code     0  llushr.o(.text)
    __scatterload                            0x0800c37d   Thumb Code    28  init.o(.text)
    __scatterload_rt2                        0x0800c37d   Thumb Code     0  init.o(.text)
    BusFault_Handler                         0x0800c3a1   Thumb Code     2  stm32f4xx_it.o(i.BusFault_Handler)
    DMA2_Stream2_IRQHandler                  0x0800c3a5   Thumb Code     6  stm32f4xx_it.o(i.DMA2_Stream2_IRQHandler)
    DMA2_Stream5_IRQHandler                  0x0800c3b1   Thumb Code     6  stm32f4xx_it.o(i.DMA2_Stream5_IRQHandler)
    DMA2_Stream7_IRQHandler                  0x0800c3bd   Thumb Code     6  stm32f4xx_it.o(i.DMA2_Stream7_IRQHandler)
    DebugMon_Handler                         0x0800c3f1   Thumb Code     2  stm32f4xx_it.o(i.DebugMon_Handler)
    EXTI15_10_IRQHandler                     0x0800c3f5   Thumb Code    12  stm32f4xx_it.o(i.EXTI15_10_IRQHandler)
    EXTI2_IRQHandler                         0x0800c405   Thumb Code    12  stm32f4xx_it.o(i.EXTI2_IRQHandler)
    EXTI4_IRQHandler                         0x0800c415   Thumb Code     6  stm32f4xx_it.o(i.EXTI4_IRQHandler)
    EXTI9_5_IRQHandler                       0x0800c41b   Thumb Code     6  stm32f4xx_it.o(i.EXTI9_5_IRQHandler)
    HAL_DMA_Abort                            0x0800c421   Thumb Code   146  stm32f4xx_hal_dma.o(i.HAL_DMA_Abort)
    HAL_DMA_Abort_IT                         0x0800c4b3   Thumb Code    36  stm32f4xx_hal_dma.o(i.HAL_DMA_Abort_IT)
    HAL_DMA_IRQHandler                       0x0800c4d9   Thumb Code   412  stm32f4xx_hal_dma.o(i.HAL_DMA_IRQHandler)
    HAL_DMA_Start_IT                         0x0800c679   Thumb Code   110  stm32f4xx_hal_dma.o(i.HAL_DMA_Start_IT)
    HAL_GPIO_EXTI_Callback                   0x0800c6e7   Thumb Code     2  stm32f4xx_hal_gpio.o(i.HAL_GPIO_EXTI_Callback)
    HAL_GPIO_EXTI_IRQHandler                 0x0800c6e9   Thumb Code    18  stm32f4xx_hal_gpio.o(i.HAL_GPIO_EXTI_IRQHandler)
    HAL_GetTick                              0x0800c701   Thumb Code     6  stm32f4xx_hal.o(i.HAL_GetTick)
    HAL_IncTick                              0x0800c70d   Thumb Code    12  stm32f4xx_hal.o(i.HAL_IncTick)
    HAL_Init                                 0x0800c71d   Thumb Code    48  stm32f4xx_hal.o(i.HAL_Init)
    HAL_InitTick                             0x0800c751   Thumb Code   118  stm32f4xx_hal_timebase_tim.o(i.HAL_InitTick)
    HAL_MspInit                              0x0800c7dd   Thumb Code    52  stm32f4xx_hal_msp.o(i.HAL_MspInit)
    HAL_NVIC_EnableIRQ                       0x0800c815   Thumb Code    26  stm32f4xx_hal_cortex.o(i.HAL_NVIC_EnableIRQ)
    HAL_NVIC_SetPriority                     0x0800c831   Thumb Code    60  stm32f4xx_hal_cortex.o(i.HAL_NVIC_SetPriority)
    HAL_NVIC_SetPriorityGrouping             0x0800c871   Thumb Code    26  stm32f4xx_hal_cortex.o(i.HAL_NVIC_SetPriorityGrouping)
    HAL_RCC_ClockConfig                      0x0800c895   Thumb Code   288  stm32f4xx_hal_rcc.o(i.HAL_RCC_ClockConfig)
    HAL_RCC_GetClockConfig                   0x0800c9c9   Thumb Code    54  stm32f4xx_hal_rcc.o(i.HAL_RCC_GetClockConfig)
    HAL_RCC_GetPCLK2Freq                     0x0800ca09   Thumb Code    20  stm32f4xx_hal_rcc.o(i.HAL_RCC_GetPCLK2Freq)
    HAL_RCC_GetSysClockFreq                  0x0800ca29   Thumb Code    88  stm32f4xx_hal_rcc.o(i.HAL_RCC_GetSysClockFreq)
    HAL_RCC_OscConfig                        0x0800ca8d   Thumb Code   856  stm32f4xx_hal_rcc.o(i.HAL_RCC_OscConfig)
    HAL_RTCEx_WakeUpTimerEventCallback       0x0800cdf9   Thumb Code     2  stm32f4xx_hal_rtc_ex.o(i.HAL_RTCEx_WakeUpTimerEventCallback)
    HAL_RTCEx_WakeUpTimerIRQHandler          0x0800cdfd   Thumb Code    46  stm32f4xx_hal_rtc_ex.o(i.HAL_RTCEx_WakeUpTimerIRQHandler)
    HAL_TIMEx_BreakCallback                  0x0800ce31   Thumb Code     2  stm32f4xx_hal_tim_ex.o(i.HAL_TIMEx_BreakCallback)
    HAL_TIMEx_CommutCallback                 0x0800ce33   Thumb Code     2  stm32f4xx_hal_tim_ex.o(i.HAL_TIMEx_CommutCallback)
    HAL_TIM_Base_Init                        0x0800ce35   Thumb Code    90  stm32f4xx_hal_tim.o(i.HAL_TIM_Base_Init)
    HAL_TIM_Base_MspInit                     0x0800ce8f   Thumb Code     2  stm32f4xx_hal_tim.o(i.HAL_TIM_Base_MspInit)
    HAL_TIM_Base_Start_IT                    0x0800ce91   Thumb Code    88  stm32f4xx_hal_tim.o(i.HAL_TIM_Base_Start_IT)
    HAL_TIM_IC_CaptureCallback               0x0800cefd   Thumb Code     2  stm32f4xx_hal_tim.o(i.HAL_TIM_IC_CaptureCallback)
    HAL_TIM_IRQHandler                       0x0800ceff   Thumb Code   358  stm32f4xx_hal_tim.o(i.HAL_TIM_IRQHandler)
    HAL_TIM_OC_DelayElapsedCallback          0x0800d065   Thumb Code     2  stm32f4xx_hal_tim.o(i.HAL_TIM_OC_DelayElapsedCallback)
    HAL_TIM_PWM_PulseFinishedCallback        0x0800d067   Thumb Code     2  stm32f4xx_hal_tim.o(i.HAL_TIM_PWM_PulseFinishedCallback)
    HAL_TIM_PeriodElapsedCallback            0x0800d069   Thumb Code    14  main.o(i.HAL_TIM_PeriodElapsedCallback)
    HAL_TIM_TriggerCallback                  0x0800d07d   Thumb Code     2  stm32f4xx_hal_tim.o(i.HAL_TIM_TriggerCallback)
    HAL_UARTEx_RxEventCallback               0x0800d07f   Thumb Code     2  stm32f4xx_hal_uart.o(i.HAL_UARTEx_RxEventCallback)
    HAL_UART_DMAStop                         0x0800d081   Thumb Code   112  stm32f4xx_hal_uart.o(i.HAL_UART_DMAStop)
    HAL_UART_ErrorCallback                   0x0800d0f1   Thumb Code     2  stm32f4xx_hal_uart.o(i.HAL_UART_ErrorCallback)
    HAL_UART_IRQHandler                      0x0800d0f5   Thumb Code   610  stm32f4xx_hal_uart.o(i.HAL_UART_IRQHandler)
    HAL_UART_Receive_DMA                     0x0800d35d   Thumb Code    42  stm32f4xx_hal_uart.o(i.HAL_UART_Receive_DMA)
    HAL_UART_RxCpltCallback                  0x0800d387   Thumb Code     2  stm32f4xx_hal_uart.o(i.HAL_UART_RxCpltCallback)
    HAL_UART_RxHalfCpltCallback              0x0800d389   Thumb Code     2  stm32f4xx_hal_uart.o(i.HAL_UART_RxHalfCpltCallback)
    HAL_UART_TxCpltCallback                  0x0800d38b   Thumb Code     2  stm32f4xx_hal_uart.o(i.HAL_UART_TxCpltCallback)
    HardFault_Handler                        0x0800d38d   Thumb Code     2  stm32f4xx_it.o(i.HardFault_Handler)
    MemManage_Handler                        0x0800d38f   Thumb Code     2  stm32f4xx_it.o(i.MemManage_Handler)
    NMI_Handler                              0x0800d391   Thumb Code     2  stm32f4xx_it.o(i.NMI_Handler)
    RTC_WKUP_IRQHandler                      0x0800d395   Thumb Code     6  stm32f4xx_it.o(i.RTC_WKUP_IRQHandler)
    SysTick_Handler                          0x0800d3a1   Thumb Code    26  cmsis_os2.o(i.SysTick_Handler)
    SystemClock_Config                       0x0800d3bd   Thumb Code   140  main.o(i.SystemClock_Config)
    SystemInit                               0x0800d451   Thumb Code    20  system_stm32f4xx.o(i.SystemInit)
    TIM1_UP_TIM10_IRQHandler                 0x0800d46d   Thumb Code     6  stm32f4xx_it.o(i.TIM1_UP_TIM10_IRQHandler)
    TIM_Base_SetConfig                       0x0800d479   Thumb Code   122  stm32f4xx_hal_tim.o(i.TIM_Base_SetConfig)
    UART_Start_Receive_DMA                   0x0800d731   Thumb Code   134  stm32f4xx_hal_uart.o(i.UART_Start_Receive_DMA)
    USART1_IRQHandler                        0x0800d7c5   Thumb Code    52  stm32f4xx_it.o(i.USART1_IRQHandler)
    UsageFault_Handler                       0x0800d805   Thumb Code     2  stm32f4xx_it.o(i.UsageFault_Handler)
    __scatterload_copy                       0x0800d827   Thumb Code    14  handlers.o(i.__scatterload_copy)
    __scatterload_null                       0x0800d835   Thumb Code     2  handlers.o(i.__scatterload_null)
    __scatterload_zeroinit                   0x0800d837   Thumb Code    14  handlers.o(i.__scatterload_zeroinit)
    main                                     0x0800d845   Thumb Code    28  main.o(i.main)
    osKernelInitialize                       0x0800d865   Thumb Code    32  cmsis_os2.o(i.osKernelInitialize)
    osKernelStart                            0x0800d889   Thumb Code    48  cmsis_os2.o(i.osKernelStart)
    pxPortInitialiseStack                    0x0800e00d   Thumb Code    40  port.o(i.pxPortInitialiseStack)
    uxListRemove                             0x0800e039   Thumb Code    38  list.o(i.uxListRemove)
    vApplicationGetIdleTaskMemory            0x0800e061   Thumb Code    16  cmsis_os2.o(i.vApplicationGetIdleTaskMemory)
    vApplicationGetTimerTaskMemory           0x0800e075   Thumb Code    18  cmsis_os2.o(i.vApplicationGetTimerTaskMemory)
    vApplicationIdleHook                     0x0800e08d   Thumb Code     2  cmsis_os2.o(i.vApplicationIdleHook)
    vApplicationTickHook                     0x0800e08f   Thumb Code     2  cmsis_os2.o(i.vApplicationTickHook)
    vListInitialise                          0x0800e091   Thumb Code    22  list.o(i.vListInitialise)
    vListInitialiseItem                      0x0800e0a7   Thumb Code     6  list.o(i.vListInitialiseItem)
    vListInsert                              0x0800e0ad   Thumb Code    48  list.o(i.vListInsert)
    vListInsertEnd                           0x0800e0dd   Thumb Code    24  list.o(i.vListInsertEnd)
    vPortEnterCritical                       0x0800e0f5   Thumb Code    54  port.o(i.vPortEnterCritical)
    vPortExitCritical                        0x0800e135   Thumb Code    34  port.o(i.vPortExitCritical)
    vPortFree                                0x0800e15d   Thumb Code    94  heap_4.o(i.vPortFree)
    vPortSetupTimerInterrupt                 0x0800e1c1   Thumb Code    32  port.o(i.vPortSetupTimerInterrupt)
    vPortValidateInterruptPriority           0x0800e1e5   Thumb Code    74  port.o(i.vPortValidateInterruptPriority)
    vQueueAddToRegistry                      0x0800e239   Thumb Code    34  queue.o(i.vQueueAddToRegistry)
    vQueueWaitForMessageRestricted           0x0800e261   Thumb Code    68  queue.o(i.vQueueWaitForMessageRestricted)
    vTaskInternalSetTimeOutState             0x0800e2a5   Thumb Code    12  tasks.o(i.vTaskInternalSetTimeOutState)
    vTaskMissedYield                         0x0800e2b5   Thumb Code     8  tasks.o(i.vTaskMissedYield)
    vTaskPlaceOnEventList                    0x0800e2c1   Thumb Code    44  tasks.o(i.vTaskPlaceOnEventList)
    vTaskPlaceOnEventListRestricted          0x0800e2f1   Thumb Code    52  tasks.o(i.vTaskPlaceOnEventListRestricted)
    vTaskStartScheduler                      0x0800e329   Thumb Code   118  tasks.o(i.vTaskStartScheduler)
    vTaskSuspendAll                          0x0800e3b1   Thumb Code    10  tasks.o(i.vTaskSuspendAll)
    vTaskSwitchContext                       0x0800e3c1   Thumb Code    90  tasks.o(i.vTaskSwitchContext)
    xPortStartScheduler                      0x0800e425   Thumb Code   222  port.o(i.xPortStartScheduler)
    xPortSysTickHandler                      0x0800e519   Thumb Code    38  port.o(i.xPortSysTickHandler)
    xQueueGenericCreateStatic                0x0800e545   Thumb Code   102  queue.o(i.xQueueGenericCreateStatic)
    xQueueGenericReset                       0x0800e5ad   Thumb Code   132  queue.o(i.xQueueGenericReset)
    xQueueGenericSend                        0x0800e635   Thumb Code   346  queue.o(i.xQueueGenericSend)
    xQueueGenericSendFromISR                 0x0800e795   Thumb Code   190  queue.o(i.xQueueGenericSendFromISR)
    xQueueReceive                            0x0800e855   Thumb Code   308  queue.o(i.xQueueReceive)
    xTaskCheckForTimeOut                     0x0800e98d   Thumb Code   112  tasks.o(i.xTaskCheckForTimeOut)
    xTaskCreateStatic                        0x0800ea01   Thumb Code    86  tasks.o(i.xTaskCreateStatic)
    xTaskGetSchedulerState                   0x0800ea59   Thumb Code    22  tasks.o(i.xTaskGetSchedulerState)
    xTaskGetTickCount                        0x0800ea75   Thumb Code     6  tasks.o(i.xTaskGetTickCount)
    xTaskIncrementTick                       0x0800ea81   Thumb Code   206  tasks.o(i.xTaskIncrementTick)
    xTaskPriorityDisinherit                  0x0800eb59   Thumb Code   118  tasks.o(i.xTaskPriorityDisinherit)
    xTaskRemoveFromEventList                 0x0800ebd9   Thumb Code    98  tasks.o(i.xTaskRemoveFromEventList)
    xTaskResumeAll                           0x0800ec49   Thumb Code   182  tasks.o(i.xTaskResumeAll)
    xTimerCreateTimerTask                    0x0800ed0d   Thumb Code    78  timers.o(i.xTimerCreateTimerTask)
    xTimerGenericCommand                     0x0800ed6d   Thumb Code    98  timers.o(i.xTimerGenericCommand)
    AHBPrescTable                            0x0800edd4   Data          16  system_stm32f4xx.o(.constdata)
    APBPrescTable                            0x0800ede4   Data           8  system_stm32f4xx.o(.constdata)
    Region$$Table$$Base                      0x0800edec   Number         0  anon$$obj.o(Region$$Table)
    Region$$Table$$Limit                     0x0800ee0c   Number         0  anon$$obj.o(Region$$Table)
    uwTickFreq                               0x20000000   Data           1  stm32f4xx_hal.o(.data)
    uwTickPrio                               0x20000004   Data           4  stm32f4xx_hal.o(.data)
    uwTick                                   0x20000008   Data           4  stm32f4xx_hal.o(.data)
    SystemCoreClock                          0x2000000c   Data           4  system_stm32f4xx.o(.data)
    pxCurrentTCB                             0x20000010   Data           4  tasks.o(.data)
    HardInt_uart_flag                        0x20000090   Data           1  stm32f4xx_it.o(.data)
    HardInt_mpu_flag                         0x20000091   Data           1  stm32f4xx_it.o(.data)
    HardInt_Charg_flag                       0x20000092   Data           1  stm32f4xx_it.o(.data)
    xQueueRegistry                           0x20000094   Data          64  queue.o(.bss)
    HardInt_receive_str                      0x20000d68   Data          25  stm32f4xx_it.o(.bss)
    hrtc                                     0x20000d84   Data          32  rtc.o(.bss)
    hspi1                                    0x20000da4   Data          88  spi.o(.bss)
    hdma_spi1_tx                             0x20000dfc   Data          96  spi.o(.bss)
    htim1                                    0x20000e5c   Data          72  stm32f4xx_hal_timebase_tim.o(.bss)
    huart1                                   0x20000ea4   Data          68  usart.o(.bss)
    hdma_usart1_rx                           0x20000ee8   Data          96  usart.o(.bss)
    hdma_usart1_tx                           0x20000f48   Data          96  usart.o(.bss)
    __initial_sp                             0x20001fa8   Data           0  startup_stm32f411xe.o(STACK)



==============================================================================

Memory Map of the image

  Image Entry point : 0x0800c199

  Load Region LR_IROM1 (Base: 0x0800c000, Size: 0x00002ea0, Max: 0x00074000, ABSOLUTE)

    Execution Region ER_IROM1 (Exec base: 0x0800c000, Load base: 0x0800c000, Size: 0x00002e0c, Max: 0x00074000, ABSOLUTE)

    Exec Addr    Load Addr    Size         Type   Attr      Idx    E Section Name        Object

    0x0800c000   0x0800c000   0x00000198   Data   RO            3    RESET               startup_stm32f411xe.o
    0x0800c198   0x0800c198   0x00000000   Code   RO         6121  * .ARM.Collect$$$$00000000  mc_w.l(entry.o)
    0x0800c198   0x0800c198   0x00000004   Code   RO         6399    .ARM.Collect$$$$00000001  mc_w.l(entry2.o)
    0x0800c19c   0x0800c19c   0x00000004   Code   RO         6402    .ARM.Collect$$$$00000004  mc_w.l(entry5.o)
    0x0800c1a0   0x0800c1a0   0x00000000   Code   RO         6404    .ARM.Collect$$$$00000008  mc_w.l(entry7b.o)
    0x0800c1a0   0x0800c1a0   0x00000000   Code   RO         6406    .ARM.Collect$$$$0000000A  mc_w.l(entry8b.o)
    0x0800c1a0   0x0800c1a0   0x00000008   Code   RO         6407    .ARM.Collect$$$$0000000B  mc_w.l(entry9a.o)
    0x0800c1a8   0x0800c1a8   0x00000004   Code   RO         6414    .ARM.Collect$$$$0000000E  mc_w.l(entry12b.o)
    0x0800c1ac   0x0800c1ac   0x00000000   Code   RO         6409    .ARM.Collect$$$$0000000F  mc_w.l(entry10a.o)
    0x0800c1ac   0x0800c1ac   0x00000000   Code   RO         6411    .ARM.Collect$$$$00000011  mc_w.l(entry11a.o)
    0x0800c1ac   0x0800c1ac   0x00000004   Code   RO         6400    .ARM.Collect$$$$00002712  mc_w.l(entry2.o)
    0x0800c1b0   0x0800c1b0   0x000000be   Code   RO         5466    .emb_text           port.o
    0x0800c26e   0x0800c26e   0x00000002   PAD
    0x0800c270   0x0800c270   0x00000024   Code   RO            4    .text               startup_stm32f411xe.o
    0x0800c294   0x0800c294   0x00000062   Code   RO         6124    .text               mc_w.l(uldiv.o)
    0x0800c2f6   0x0800c2f6   0x00000024   Code   RO         6126    .text               mc_w.l(memcpya.o)
    0x0800c31a   0x0800c31a   0x00000024   Code   RO         6130    .text               mc_w.l(memseta.o)
    0x0800c33e   0x0800c33e   0x0000001e   Code   RO         6418    .text               mc_w.l(llshl.o)
    0x0800c35c   0x0800c35c   0x00000020   Code   RO         6420    .text               mc_w.l(llushr.o)
    0x0800c37c   0x0800c37c   0x00000024   Code   RO         6433    .text               mc_w.l(init.o)
    0x0800c3a0   0x0800c3a0   0x00000002   Code   RO         5643    i.BusFault_Handler  stm32f4xx_it.o
    0x0800c3a2   0x0800c3a2   0x00000002   PAD
    0x0800c3a4   0x0800c3a4   0x0000000c   Code   RO         5644    i.DMA2_Stream2_IRQHandler  stm32f4xx_it.o
    0x0800c3b0   0x0800c3b0   0x0000000c   Code   RO         5645    i.DMA2_Stream5_IRQHandler  stm32f4xx_it.o
    0x0800c3bc   0x0800c3bc   0x0000000c   Code   RO         5646    i.DMA2_Stream7_IRQHandler  stm32f4xx_it.o
    0x0800c3c8   0x0800c3c8   0x00000028   Code   RO          960    i.DMA_SetConfig     stm32f4xx_hal_dma.o
    0x0800c3f0   0x0800c3f0   0x00000002   Code   RO         5647    i.DebugMon_Handler  stm32f4xx_it.o
    0x0800c3f2   0x0800c3f2   0x00000002   PAD
    0x0800c3f4   0x0800c3f4   0x00000010   Code   RO         5648    i.EXTI15_10_IRQHandler  stm32f4xx_it.o
    0x0800c404   0x0800c404   0x00000010   Code   RO         5649    i.EXTI2_IRQHandler  stm32f4xx_it.o
    0x0800c414   0x0800c414   0x00000006   Code   RO         5650    i.EXTI4_IRQHandler  stm32f4xx_it.o
    0x0800c41a   0x0800c41a   0x00000006   Code   RO         5651    i.EXTI9_5_IRQHandler  stm32f4xx_it.o
    0x0800c420   0x0800c420   0x00000092   Code   RO          961    i.HAL_DMA_Abort     stm32f4xx_hal_dma.o
    0x0800c4b2   0x0800c4b2   0x00000024   Code   RO          962    i.HAL_DMA_Abort_IT  stm32f4xx_hal_dma.o
    0x0800c4d6   0x0800c4d6   0x00000002   PAD
    0x0800c4d8   0x0800c4d8   0x000001a0   Code   RO          966    i.HAL_DMA_IRQHandler  stm32f4xx_hal_dma.o
    0x0800c678   0x0800c678   0x0000006e   Code   RO          971    i.HAL_DMA_Start_IT  stm32f4xx_hal_dma.o
    0x0800c6e6   0x0800c6e6   0x00000002   Code   RO          852    i.HAL_GPIO_EXTI_Callback  stm32f4xx_hal_gpio.o
    0x0800c6e8   0x0800c6e8   0x00000018   Code   RO          853    i.HAL_GPIO_EXTI_IRQHandler  stm32f4xx_hal_gpio.o
    0x0800c700   0x0800c700   0x0000000c   Code   RO         1410    i.HAL_GetTick       stm32f4xx_hal.o
    0x0800c70c   0x0800c70c   0x00000010   Code   RO         1416    i.HAL_IncTick       stm32f4xx_hal.o
    0x0800c71c   0x0800c71c   0x00000034   Code   RO         1417    i.HAL_Init          stm32f4xx_hal.o
    0x0800c750   0x0800c750   0x0000008c   Code   RO         5985    i.HAL_InitTick      stm32f4xx_hal_timebase_tim.o
    0x0800c7dc   0x0800c7dc   0x00000038   Code   RO         5961    i.HAL_MspInit       stm32f4xx_hal_msp.o
    0x0800c814   0x0800c814   0x0000001a   Code   RO         1267    i.HAL_NVIC_EnableIRQ  stm32f4xx_hal_cortex.o
    0x0800c82e   0x0800c82e   0x00000002   PAD
    0x0800c830   0x0800c830   0x00000040   Code   RO         1273    i.HAL_NVIC_SetPriority  stm32f4xx_hal_cortex.o
    0x0800c870   0x0800c870   0x00000024   Code   RO         1274    i.HAL_NVIC_SetPriorityGrouping  stm32f4xx_hal_cortex.o
    0x0800c894   0x0800c894   0x00000134   Code   RO          446    i.HAL_RCC_ClockConfig  stm32f4xx_hal_rcc.o
    0x0800c9c8   0x0800c9c8   0x00000040   Code   RO          450    i.HAL_RCC_GetClockConfig  stm32f4xx_hal_rcc.o
    0x0800ca08   0x0800ca08   0x00000020   Code   RO          454    i.HAL_RCC_GetPCLK2Freq  stm32f4xx_hal_rcc.o
    0x0800ca28   0x0800ca28   0x00000064   Code   RO          455    i.HAL_RCC_GetSysClockFreq  stm32f4xx_hal_rcc.o
    0x0800ca8c   0x0800ca8c   0x0000036c   Code   RO          458    i.HAL_RCC_OscConfig  stm32f4xx_hal_rcc.o
    0x0800cdf8   0x0800cdf8   0x00000002   Code   RO         1859    i.HAL_RTCEx_WakeUpTimerEventCallback  stm32f4xx_hal_rtc_ex.o
    0x0800cdfa   0x0800cdfa   0x00000002   PAD
    0x0800cdfc   0x0800cdfc   0x00000034   Code   RO         1860    i.HAL_RTCEx_WakeUpTimerIRQHandler  stm32f4xx_hal_rtc_ex.o
    0x0800ce30   0x0800ce30   0x00000002   Code   RO         3072    i.HAL_TIMEx_BreakCallback  stm32f4xx_hal_tim_ex.o
    0x0800ce32   0x0800ce32   0x00000002   Code   RO         3073    i.HAL_TIMEx_CommutCallback  stm32f4xx_hal_tim_ex.o
    0x0800ce34   0x0800ce34   0x0000005a   Code   RO         2368    i.HAL_TIM_Base_Init  stm32f4xx_hal_tim.o
    0x0800ce8e   0x0800ce8e   0x00000002   Code   RO         2370    i.HAL_TIM_Base_MspInit  stm32f4xx_hal_tim.o
    0x0800ce90   0x0800ce90   0x0000006c   Code   RO         2373    i.HAL_TIM_Base_Start_IT  stm32f4xx_hal_tim.o
    0x0800cefc   0x0800cefc   0x00000002   Code   RO         2402    i.HAL_TIM_IC_CaptureCallback  stm32f4xx_hal_tim.o
    0x0800cefe   0x0800cefe   0x00000166   Code   RO         2416    i.HAL_TIM_IRQHandler  stm32f4xx_hal_tim.o
    0x0800d064   0x0800d064   0x00000002   Code   RO         2419    i.HAL_TIM_OC_DelayElapsedCallback  stm32f4xx_hal_tim.o
    0x0800d066   0x0800d066   0x00000002   Code   RO         2446    i.HAL_TIM_PWM_PulseFinishedCallback  stm32f4xx_hal_tim.o
    0x0800d068   0x0800d068   0x00000014   Code   RO         5547    i.HAL_TIM_PeriodElapsedCallback  main.o
    0x0800d07c   0x0800d07c   0x00000002   Code   RO         2459    i.HAL_TIM_TriggerCallback  stm32f4xx_hal_tim.o
    0x0800d07e   0x0800d07e   0x00000002   Code   RO         3350    i.HAL_UARTEx_RxEventCallback  stm32f4xx_hal_uart.o
    0x0800d080   0x0800d080   0x00000070   Code   RO         3362    i.HAL_UART_DMAStop  stm32f4xx_hal_uart.o
    0x0800d0f0   0x0800d0f0   0x00000002   Code   RO         3364    i.HAL_UART_ErrorCallback  stm32f4xx_hal_uart.o
    0x0800d0f2   0x0800d0f2   0x00000002   PAD
    0x0800d0f4   0x0800d0f4   0x00000268   Code   RO         3367    i.HAL_UART_IRQHandler  stm32f4xx_hal_uart.o
    0x0800d35c   0x0800d35c   0x0000002a   Code   RO         3372    i.HAL_UART_Receive_DMA  stm32f4xx_hal_uart.o
    0x0800d386   0x0800d386   0x00000002   Code   RO         3374    i.HAL_UART_RxCpltCallback  stm32f4xx_hal_uart.o
    0x0800d388   0x0800d388   0x00000002   Code   RO         3375    i.HAL_UART_RxHalfCpltCallback  stm32f4xx_hal_uart.o
    0x0800d38a   0x0800d38a   0x00000002   Code   RO         3379    i.HAL_UART_TxCpltCallback  stm32f4xx_hal_uart.o
    0x0800d38c   0x0800d38c   0x00000002   Code   RO         5652    i.HardFault_Handler  stm32f4xx_it.o
    0x0800d38e   0x0800d38e   0x00000002   Code   RO         5653    i.MemManage_Handler  stm32f4xx_it.o
    0x0800d390   0x0800d390   0x00000002   Code   RO         5654    i.NMI_Handler       stm32f4xx_it.o
    0x0800d392   0x0800d392   0x00000002   PAD
    0x0800d394   0x0800d394   0x0000000c   Code   RO         5655    i.RTC_WKUP_IRQHandler  stm32f4xx_it.o
    0x0800d3a0   0x0800d3a0   0x0000001a   Code   RO         4882    i.SysTick_Handler   cmsis_os2.o
    0x0800d3ba   0x0800d3ba   0x00000002   PAD
    0x0800d3bc   0x0800d3bc   0x00000094   Code   RO         5548    i.SystemClock_Config  main.o
    0x0800d450   0x0800d450   0x0000001c   Code   RO         3697    i.SystemInit        system_stm32f4xx.o
    0x0800d46c   0x0800d46c   0x0000000c   Code   RO         5656    i.TIM1_UP_TIM10_IRQHandler  stm32f4xx_it.o
    0x0800d478   0x0800d478   0x00000098   Code   RO         2461    i.TIM_Base_SetConfig  stm32f4xx_hal_tim.o
    0x0800d510   0x0800d510   0x00000010   Code   RO         3381    i.UART_DMAAbortOnError  stm32f4xx_hal_uart.o
    0x0800d520   0x0800d520   0x0000004a   Code   RO         3382    i.UART_DMAError     stm32f4xx_hal_uart.o
    0x0800d56a   0x0800d56a   0x00000082   Code   RO         3383    i.UART_DMAReceiveCplt  stm32f4xx_hal_uart.o
    0x0800d5ec   0x0800d5ec   0x0000001a   Code   RO         3385    i.UART_DMARxHalfCplt  stm32f4xx_hal_uart.o
    0x0800d606   0x0800d606   0x0000004e   Code   RO         3391    i.UART_EndRxTransfer  stm32f4xx_hal_uart.o
    0x0800d654   0x0800d654   0x0000001c   Code   RO         3392    i.UART_EndTxTransfer  stm32f4xx_hal_uart.o
    0x0800d670   0x0800d670   0x000000c0   Code   RO         3393    i.UART_Receive_IT   stm32f4xx_hal_uart.o
    0x0800d730   0x0800d730   0x00000094   Code   RO         3395    i.UART_Start_Receive_DMA  stm32f4xx_hal_uart.o
    0x0800d7c4   0x0800d7c4   0x00000040   Code   RO         5657    i.USART1_IRQHandler  stm32f4xx_it.o
    0x0800d804   0x0800d804   0x00000002   Code   RO         5658    i.UsageFault_Handler  stm32f4xx_it.o
    0x0800d806   0x0800d806   0x00000020   Code   RO         1280    i.__NVIC_SetPriority  stm32f4xx_hal_cortex.o
    0x0800d826   0x0800d826   0x0000000e   Code   RO         6441    i.__scatterload_copy  mc_w.l(handlers.o)
    0x0800d834   0x0800d834   0x00000002   Code   RO         6442    i.__scatterload_null  mc_w.l(handlers.o)
    0x0800d836   0x0800d836   0x0000000e   Code   RO         6443    i.__scatterload_zeroinit  mc_w.l(handlers.o)
    0x0800d844   0x0800d844   0x00000020   Code   RO         5549    i.main              main.o
    0x0800d864   0x0800d864   0x00000024   Code   RO         4898    i.osKernelInitialize  cmsis_os2.o
    0x0800d888   0x0800d888   0x00000038   Code   RO         4901    i.osKernelStart     cmsis_os2.o
    0x0800d8c0   0x0800d8c0   0x0000005c   Code   RO         4333    i.prvAddCurrentTaskToDelayedList  tasks.o
    0x0800d91c   0x0800d91c   0x000000d0   Code   RO         4334    i.prvAddNewTaskToReadyList  tasks.o
    0x0800d9ec   0x0800d9ec   0x00000058   Code   RO         4708    i.prvCheckForValidListAndQueue  timers.o
    0x0800da44   0x0800da44   0x00000026   Code   RO         3930    i.prvCopyDataFromQueue  queue.o
    0x0800da6a   0x0800da6a   0x0000006c   Code   RO         3931    i.prvCopyDataToQueue  queue.o
    0x0800dad6   0x0800dad6   0x00000034   Code   RO         4335    i.prvDeleteTCB      tasks.o
    0x0800db0a   0x0800db0a   0x00000002   PAD
    0x0800db0c   0x0800db0c   0x00000064   Code   RO         4336    i.prvIdleTask       tasks.o
    0x0800db70   0x0800db70   0x00000022   Code   RO         3933    i.prvInitialiseNewQueue  queue.o
    0x0800db92   0x0800db92   0x00000002   PAD
    0x0800db94   0x0800db94   0x000000b0   Code   RO         4337    i.prvInitialiseNewTask  tasks.o
    0x0800dc44   0x0800dc44   0x0000004c   Code   RO         5412    i.prvInsertBlockIntoFreeList  heap_4.o
    0x0800dc90   0x0800dc90   0x00000038   Code   RO         4710    i.prvInsertTimerInActiveList  timers.o
    0x0800dcc8   0x0800dcc8   0x0000001c   Code   RO         3934    i.prvIsQueueEmpty   queue.o
    0x0800dce4   0x0800dce4   0x000000fc   Code   RO         4711    i.prvProcessReceivedCommands  timers.o
    0x0800dde0   0x0800dde0   0x000000c0   Code   RO         4712    i.prvProcessTimerOrBlockTask  timers.o
    0x0800dea0   0x0800dea0   0x00000020   Code   RO         4339    i.prvResetNextTaskUnblockTime  tasks.o
    0x0800dec0   0x0800dec0   0x00000028   Code   RO         4713    i.prvSampleTimeNow  timers.o
    0x0800dee8   0x0800dee8   0x0000006c   Code   RO         4714    i.prvSwitchTimerLists  timers.o
    0x0800df54   0x0800df54   0x00000028   Code   RO         5467    i.prvTaskExitError  port.o
    0x0800df7c   0x0800df7c   0x00000024   Code   RO         4715    i.prvTimerTask      timers.o
    0x0800dfa0   0x0800dfa0   0x0000006a   Code   RO         3935    i.prvUnlockQueue    queue.o
    0x0800e00a   0x0800e00a   0x00000002   PAD
    0x0800e00c   0x0800e00c   0x0000002c   Code   RO         5468    i.pxPortInitialiseStack  port.o
    0x0800e038   0x0800e038   0x00000026   Code   RO         3890    i.uxListRemove      list.o
    0x0800e05e   0x0800e05e   0x00000002   PAD
    0x0800e060   0x0800e060   0x00000014   Code   RO         4955    i.vApplicationGetIdleTaskMemory  cmsis_os2.o
    0x0800e074   0x0800e074   0x00000018   Code   RO         4956    i.vApplicationGetTimerTaskMemory  cmsis_os2.o
    0x0800e08c   0x0800e08c   0x00000002   Code   RO         4957    i.vApplicationIdleHook  cmsis_os2.o
    0x0800e08e   0x0800e08e   0x00000002   Code   RO         4958    i.vApplicationTickHook  cmsis_os2.o
    0x0800e090   0x0800e090   0x00000016   Code   RO         3891    i.vListInitialise   list.o
    0x0800e0a6   0x0800e0a6   0x00000006   Code   RO         3892    i.vListInitialiseItem  list.o
    0x0800e0ac   0x0800e0ac   0x00000030   Code   RO         3893    i.vListInsert       list.o
    0x0800e0dc   0x0800e0dc   0x00000018   Code   RO         3894    i.vListInsertEnd    list.o
    0x0800e0f4   0x0800e0f4   0x00000040   Code   RO         5470    i.vPortEnterCritical  port.o
    0x0800e134   0x0800e134   0x00000028   Code   RO         5471    i.vPortExitCritical  port.o
    0x0800e15c   0x0800e15c   0x00000064   Code   RO         5414    i.vPortFree         heap_4.o
    0x0800e1c0   0x0800e1c0   0x00000024   Code   RO         5472    i.vPortSetupTimerInterrupt  port.o
    0x0800e1e4   0x0800e1e4   0x00000054   Code   RO         5473    i.vPortValidateInterruptPriority  port.o
    0x0800e238   0x0800e238   0x00000028   Code   RO         3941    i.vQueueAddToRegistry  queue.o
    0x0800e260   0x0800e260   0x00000044   Code   RO         3945    i.vQueueWaitForMessageRestricted  queue.o
    0x0800e2a4   0x0800e2a4   0x00000010   Code   RO         4357    i.vTaskInternalSetTimeOutState  tasks.o
    0x0800e2b4   0x0800e2b4   0x0000000c   Code   RO         4359    i.vTaskMissedYield  tasks.o
    0x0800e2c0   0x0800e2c0   0x00000030   Code   RO         4361    i.vTaskPlaceOnEventList  tasks.o
    0x0800e2f0   0x0800e2f0   0x00000038   Code   RO         4362    i.vTaskPlaceOnEventListRestricted  tasks.o
    0x0800e328   0x0800e328   0x00000088   Code   RO         4370    i.vTaskStartScheduler  tasks.o
    0x0800e3b0   0x0800e3b0   0x00000010   Code   RO         4372    i.vTaskSuspendAll   tasks.o
    0x0800e3c0   0x0800e3c0   0x00000064   Code   RO         4373    i.vTaskSwitchContext  tasks.o
    0x0800e424   0x0800e424   0x000000f4   Code   RO         5474    i.xPortStartScheduler  port.o
    0x0800e518   0x0800e518   0x0000002c   Code   RO         5475    i.xPortSysTickHandler  port.o
    0x0800e544   0x0800e544   0x00000066   Code   RO         3951    i.xQueueGenericCreateStatic  queue.o
    0x0800e5aa   0x0800e5aa   0x00000002   PAD
    0x0800e5ac   0x0800e5ac   0x00000088   Code   RO         3952    i.xQueueGenericReset  queue.o
    0x0800e634   0x0800e634   0x00000160   Code   RO         3953    i.xQueueGenericSend  queue.o
    0x0800e794   0x0800e794   0x000000be   Code   RO         3954    i.xQueueGenericSendFromISR  queue.o
    0x0800e852   0x0800e852   0x00000002   PAD
    0x0800e854   0x0800e854   0x00000138   Code   RO         3963    i.xQueueReceive     queue.o
    0x0800e98c   0x0800e98c   0x00000074   Code   RO         4375    i.xTaskCheckForTimeOut  tasks.o
    0x0800ea00   0x0800ea00   0x00000056   Code   RO         4377    i.xTaskCreateStatic  tasks.o
    0x0800ea56   0x0800ea56   0x00000002   PAD
    0x0800ea58   0x0800ea58   0x0000001c   Code   RO         4381    i.xTaskGetSchedulerState  tasks.o
    0x0800ea74   0x0800ea74   0x0000000c   Code   RO         4382    i.xTaskGetTickCount  tasks.o
    0x0800ea80   0x0800ea80   0x000000d8   Code   RO         4384    i.xTaskIncrementTick  tasks.o
    0x0800eb58   0x0800eb58   0x00000080   Code   RO         4387    i.xTaskPriorityDisinherit  tasks.o
    0x0800ebd8   0x0800ebd8   0x00000070   Code   RO         4389    i.xTaskRemoveFromEventList  tasks.o
    0x0800ec48   0x0800ec48   0x000000c4   Code   RO         4390    i.xTaskResumeAll    tasks.o
    0x0800ed0c   0x0800ed0c   0x00000060   Code   RO         4724    i.xTimerCreateTimerTask  timers.o
    0x0800ed6c   0x0800ed6c   0x00000068   Code   RO         4725    i.xTimerGenericCommand  timers.o
    0x0800edd4   0x0800edd4   0x00000010   Data   RO         3698    .constdata          system_stm32f4xx.o
    0x0800ede4   0x0800ede4   0x00000008   Data   RO         3699    .constdata          system_stm32f4xx.o
    0x0800edec   0x0800edec   0x00000020   Data   RO         6439    Region$$Table       anon$$obj.o


    Execution Region RW_IRAM1 (Exec base: 0x20000000, Load base: 0x0800ee0c, Size: 0x00001fa8, Max: 0x00020000, ABSOLUTE)

    Exec Addr    Load Addr    Size         Type   Attr      Idx    E Section Name        Object

    0x20000000   0x0800ee0c   0x0000000c   Data   RW         1424    .data               stm32f4xx_hal.o
    0x2000000c   0x0800ee18   0x00000004   Data   RW         3700    .data               system_stm32f4xx.o
    0x20000010   0x0800ee1c   0x0000003c   Data   RW         4393    .data               tasks.o
    0x2000004c   0x0800ee58   0x00000014   Data   RW         4733    .data               timers.o
    0x20000060   0x0800ee6c   0x00000004   Data   RW         4960    .data               cmsis_os2.o
    0x20000064   0x0800ee70   0x00000020   Data   RW         5420    .data               heap_4.o
    0x20000084   0x0800ee90   0x0000000c   Data   RW         5476    .data               port.o
    0x20000090   0x0800ee9c   0x00000003   Data   RW         5660    .data               stm32f4xx_it.o
    0x20000093   0x0800ee9f   0x00000001   PAD
    0x20000094        -       0x00000040   Zero   RW         3967    .bss                queue.o
    0x200000d4        -       0x000004c4   Zero   RW         4392    .bss                tasks.o
    0x20000598        -       0x00000118   Zero   RW         4732    .bss                timers.o
    0x200006b0        -       0x000006b8   Zero   RW         4959    .bss                cmsis_os2.o
    0x20000d68        -       0x00000019   Zero   RW         5659    .bss                stm32f4xx_it.o
    0x20000d81   0x0800ee9f   0x00000003   PAD
    0x20000d84        -       0x00000020   Zero   RW         5865    .bss                rtc.o
    0x20000da4        -       0x000000b8   Zero   RW         5922    .bss                spi.o
    0x20000e5c        -       0x00000048   Zero   RW         5988    .bss                stm32f4xx_hal_timebase_tim.o
    0x20000ea4        -       0x00000104   Zero   RW         6076    .bss                usart.o
    0x20000fa8        -       0x00001000   Zero   RW            1    STACK               startup_stm32f411xe.o


==============================================================================

Image component sizes


      Code (inc. data)   RO Data    RW Data    ZI Data      Debug   Object Name

       166         22          0          4       1720      64981   cmsis_os2.o
         0          0          0          0          0       7168   croutine.o
         0          0          0          0          0     447564   delay.o
         0          0          0          0          0      19660   event_groups.o
       176         10          0         32          0       3176   heap_4.o
       138          0          0          0          0       3806   list.o
       200         18          0          0          0       2576   main.o
       786         82          0         12          0      11993   port.o
      1514         20          0          0         64      18048   queue.o
         0          0          0          0         32        239   rtc.o
         0          0          0          0        184        281   spi.o
        36          8        408          0       4096        876   startup_stm32f411xe.o
        80         14          0         12          0       8190   stm32f4xx_hal.o
       158         14          0          0          0      33378   stm32f4xx_hal_cortex.o
       748          4          0          0          0       5251   stm32f4xx_hal_dma.o
        26          6          0          0          0       1260   stm32f4xx_hal_gpio.o
        56          4          0          0          0        950   stm32f4xx_hal_msp.o
      1380         74          0          0          0       5546   stm32f4xx_hal_rcc.o
        54          6          0          0          0       1759   stm32f4xx_hal_rtc_ex.o
       718         50          0          0          0       7732   stm32f4xx_hal_tim.o
         4          0          0          0          0       1721   stm32f4xx_hal_tim_ex.o
       140         22          0          0         72       1543   stm32f4xx_hal_timebase_tim.o
      1472         20          0          0          0      13109   stm32f4xx_hal_uart.o
       180         50          0          3         25       9261   stm32f4xx_it.o
         0          0          0          0          0        424   stream_buffer.o
        28          8         24          4          0       1343   system_stm32f4xx.o
      1938        160          0         60       1220      26189   tasks.o
       972         80          0         20        280      32823   timers.o
         0          0          0          0        260        339   usart.o

    ----------------------------------------------------------------------
     11002        672        464        148       7956     731186   Object Totals
         0          0         32          0          0          0   (incl. Generated)
        32          0          0          1          3          0   (incl. Padding)

    ----------------------------------------------------------------------

      Code (inc. data)   RO Data    RW Data    ZI Data      Debug   Library Member Name

         0          0          0          0          0          0   entry.o
         0          0          0          0          0          0   entry10a.o
         0          0          0          0          0          0   entry11a.o
         4          0          0          0          0          0   entry12b.o
         8          4          0          0          0          0   entry2.o
         4          0          0          0          0          0   entry5.o
         0          0          0          0          0          0   entry7b.o
         0          0          0          0          0          0   entry8b.o
         8          4          0          0          0          0   entry9a.o
        30          0          0          0          0          0   handlers.o
        36          8          0          0          0         68   init.o
        30          0          0          0          0         68   llshl.o
        32          0          0          0          0         68   llushr.o
        36          0          0          0          0         68   memcpya.o
        36          0          0          0          0        108   memseta.o
        98          0          0          0          0         92   uldiv.o

    ----------------------------------------------------------------------
       322         16          0          0          0        472   Library Totals
         0          0          0          0          0          0   (incl. Padding)

    ----------------------------------------------------------------------

      Code (inc. data)   RO Data    RW Data    ZI Data      Debug   Library Name

       322         16          0          0          0        472   mc_w.l

    ----------------------------------------------------------------------
       322         16          0          0          0        472   Library Totals

    ----------------------------------------------------------------------

==============================================================================


      Code (inc. data)   RO Data    RW Data    ZI Data      Debug   

     11324        688        464        148       7956     718906   Grand Totals
     11324        688        464        148       7956     718906   ELF Image Totals
     11324        688        464        148          0          0   ROM Totals

==============================================================================

    Total RO  Size (Code + RO Data)                11788 (  11.51kB)
    Total RW  Size (RW Data + ZI Data)              8104 (   7.91kB)
    Total ROM Size (Code + RO Data + RW Data)      11936 (  11.66kB)

==============================================================================

